Component: ARM Compiler 5.05 (build 41) Tool: armlink [4d0eb9]

==============================================================================

Section Cross References

    main.o(.text) refers to _printf_percent.o(.ARM.Collect$$_printf_percent$$00000000) for _printf_percent
    main.o(.text) refers to _printf_d.o(.ARM.Collect$$_printf_percent$$00000009) for _printf_d
    main.o(.text) refers to _printf_dec.o(.text) for _printf_int_dec
    main.o(.text) refers to lcd.o(.text) for LCD_ShowNum
    main.o(.text) refers to delay.o(.text) for delay_init
    main.o(.text) refers to misc.o(.text) for NVIC_PriorityGroupConfig
    main.o(.text) refers to usart.o(.text) for uart_init
    main.o(.text) refers to led.o(.text) for LED_Init
    main.o(.text) refers to key.o(.text) for KEY_Init
    main.o(.text) refers to rtc.o(.text) for RTC_Init
    main.o(.text) refers to beep.o(.text) for BEEP_Init
    main.o(.text) refers to timer3.o(.text) for TIM3_Int_Init
    main.o(.text) refers to wdg.o(.text) for IWDG_Init
    main.o(.text) refers to timer4.o(.text) for TIM4_Int_Init
    main.o(.text) refers to step.o(.text) for Step_Motor_GPIO_Init
    main.o(.text) refers to dht11.o(.text) for DHT11_Init
    main.o(.text) refers to stmflash.o(.text) for STMFLASH_Read
    main.o(.text) refers to noretval__2printf.o(.text) for __2printf
    main.o(.text) refers to lcd.o(.data) for POINT_COLOR
    main.o(.text) refers to main.o(.constdata) for .constdata
    main.o(.text) refers to rtc.o(.bss) for calendar
    main.o(.text) refers to main.o(.conststring) for .conststring
    main.o(.text) refers to timer3.o(.data) for time
    system_stm32f10x.o(.text) refers to system_stm32f10x.o(.data) for SystemCoreClock
    led.o(.text) refers to stm32f10x_rcc.o(.text) for RCC_APB2PeriphClockCmd
    led.o(.text) refers to stm32f10x_gpio.o(.text) for GPIO_Init
    key.o(.text) refers to stm32f10x_rcc.o(.text) for RCC_APB2PeriphClockCmd
    key.o(.text) refers to stm32f10x_gpio.o(.text) for GPIO_Init
    key.o(.text) refers to delay.o(.text) for delay_ms
    key.o(.text) refers to key.o(.data) for key_up
    lcd.o(.text) refers to _printf_percent.o(.ARM.Collect$$_printf_percent$$00000000) for _printf_percent
    lcd.o(.text) refers to _printf_x.o(.ARM.Collect$$_printf_percent$$0000000C) for _printf_x
    lcd.o(.text) refers to _printf_hex_int.o(.text) for _printf_longlong_hex
    lcd.o(.text) refers to delay.o(.text) for delay_us
    lcd.o(.text) refers to lcd.o(.bss) for lcddev
    lcd.o(.text) refers to lcd.o(.data) for POINT_COLOR
    lcd.o(.text) refers to dflt_clz.o(x$fpl$dfltu) for __aeabi_ui2d
    lcd.o(.text) refers to dmul.o(x$fpl$dmul) for __aeabi_dmul
    lcd.o(.text) refers to dfixu.o(x$fpl$dfixu) for __aeabi_d2uiz
    lcd.o(.text) refers to stm32f10x_rcc.o(.text) for RCC_AHBPeriphClockCmd
    lcd.o(.text) refers to stm32f10x_gpio.o(.text) for GPIO_Init
    lcd.o(.text) refers to stm32f10x_fsmc.o(.text) for FSMC_NORSRAMInit
    lcd.o(.text) refers to noretval__2printf.o(.text) for __2printf
    lcd.o(.text) refers to lcd.o(.constdata) for asc2_1206
    rtc.o(.text) refers to _printf_percent.o(.ARM.Collect$$_printf_percent$$00000000) for _printf_percent
    rtc.o(.text) refers to _printf_d.o(.ARM.Collect$$_printf_percent$$00000009) for _printf_d
    rtc.o(.text) refers to _printf_dec.o(.text) for _printf_int_dec
    rtc.o(.text) refers to misc.o(.text) for NVIC_Init
    rtc.o(.text) refers to stm32f10x_rtc.o(.text) for RTC_GetCounter
    rtc.o(.text) refers to stm32f10x_rcc.o(.text) for RCC_APB1PeriphClockCmd
    rtc.o(.text) refers to stm32f10x_pwr.o(.text) for PWR_BackupAccessCmd
    rtc.o(.text) refers to stm32f10x_bkp.o(.text) for BKP_ReadBackupRegister
    rtc.o(.text) refers to delay.o(.text) for delay_ms
    rtc.o(.text) refers to noretval__2printf.o(.text) for __2printf
    rtc.o(.text) refers to rtc.o(.constdata) for table_week
    rtc.o(.text) refers to rtc.o(.data) for daycnt
    rtc.o(.text) refers to rtc.o(.bss) for calendar
    beep.o(.text) refers to stm32f10x_rcc.o(.text) for RCC_APB2PeriphClockCmd
    beep.o(.text) refers to stm32f10x_gpio.o(.text) for GPIO_Init
    stmflash.o(.text) refers to stm32f10x_flash.o(.text) for FLASH_ProgramHalfWord
    stmflash.o(.text) refers to stmflash.o(.bss) for STMFLASH_BUF
    dht11.o(.text) refers to delay.o(.text) for delay_ms
    dht11.o(.text) refers to stm32f10x_rcc.o(.text) for RCC_APB2PeriphClockCmd
    dht11.o(.text) refers to stm32f10x_gpio.o(.text) for GPIO_Init
    step.o(.text) refers to stm32f10x_rcc.o(.text) for RCC_APB2PeriphClockCmd
    step.o(.text) refers to stm32f10x_gpio.o(.text) for GPIO_Init
    step.o(.text) refers to delay.o(.text) for delay_ms
    step.o(.text) refers to step.o(.data) for forward
    wdg.o(.text) refers to stm32f10x_iwdg.o(.text) for IWDG_WriteAccessCmd
    timer3.o(.text) refers to stm32f10x_rcc.o(.text) for RCC_APB1PeriphClockCmd
    timer3.o(.text) refers to stm32f10x_tim.o(.text) for TIM_TimeBaseInit
[...]
    ../clib/printf.c                         0x00000000   Number         0  _printf_hex_int_ll_ptr.o ABSOLUTE
    ../clib/printf.c                         0x00000000   Number         0  __printf_flags.o ABSOLUTE
    ../clib/printf.c                         0x00000000   Number         0  _printf_hex_ll_ptr.o ABSOLUTE
    ../clib/printf.c                         0x00000000   Number         0  noretval__2printf.o ABSOLUTE
    ../clib/printf.c                         0x00000000   Number         0  _printf_hex_int_ptr.o ABSOLUTE
    ../clib/printf_percent.s                 0x00000000   Number         0  _printf_percent_end.o ABSOLUTE
    ../clib/printf_percent.s                 0x00000000   Number         0  _printf_percent.o ABSOLUTE
    ../clib/printf_percent.s                 0x00000000   Number         0  _printf_x.o ABSOLUTE
    ../clib/printf_percent.s                 0x00000000   Number         0  _printf_d.o ABSOLUTE
    ../clib/signal.c                         0x00000000   Number         0  defsig_segv_inner.o ABSOLUTE
    ../clib/signal.c                         0x00000000   Number         0  __raise.o ABSOLUTE
    ../clib/signal.c                         0x00000000   Number         0  defsig_other.o ABSOLUTE
    ../clib/signal.c                         0x00000000   Number         0  defsig_exit.o ABSOLUTE
    ../clib/signal.c                         0x00000000   Number         0  defsig_cppl_inner.o ABSOLUTE
    ../clib/signal.c                         0x00000000   Number         0  defsig_abrt_inner.o ABSOLUTE
    ../clib/signal.c                         0x00000000   Number         0  defsig_rtmem_outer.o ABSOLUTE
    ../clib/signal.c                         0x00000000   Number         0  defsig_general.o ABSOLUTE
    ../clib/signal.c                         0x00000000   Number         0  defsig_rtmem_formal.o ABSOLUTE
    ../clib/signal.c                         0x00000000   Number         0  defsig_fpe_inner.o ABSOLUTE
    ../clib/signal.c                         0x00000000   Number         0  defsig_rtmem_inner.o ABSOLUTE
    ../clib/signal.c                         0x00000000   Number         0  defsig_rtred_inner.o ABSOLUTE
    ../clib/signal.c                         0x00000000   Number         0  defsig_stak_inner.o ABSOLUTE
    ../clib/signal.c                         0x00000000   Number         0  defsig_pvfn_inner.o ABSOLUTE
    ../clib/signal.s                         0x00000000   Number         0  defsig.o ABSOLUTE
    ../clib/stdio.c                          0x00000000   Number         0  ferror_locked.o ABSOLUTE
    ../clib/stdio.c                          0x00000000   Number         0  ferror.o ABSOLUTE
    ../clib/stdlib.c                         0x00000000   Number         0  exit.o ABSOLUTE
    ../fplib/dfixu.s                         0x00000000   Number         0  dfixu.o ABSOLUTE
    ../fplib/dflt.s                          0x00000000   Number         0  dflt_clz.o ABSOLUTE
    ../fplib/dmul.s                          0x00000000   Number         0  dmul.o ABSOLUTE
    ../fplib/dnaninf.s                       0x00000000   Number         0  dnaninf.o ABSOLUTE
    ../fplib/dretinf.s                       0x00000000   Number         0  dretinf.o ABSOLUTE
    ../fplib/fpinit.s                        0x00000000   Number         0  fpinit.o ABSOLUTE
    ../fplib/usenofp.s                       0x00000000   Number         0  usenofp.o ABSOLUTE
    ..\CORE\core_cm3.c                       0x00000000   Number         0  core_cm3.o ABSOLUTE
    ..\CORE\startup_stm32f10x_hd.s           0x00000000   Number         0  startup_stm32f10x_hd.o ABSOLUTE
    ..\HARDWARE\BEEP\beep.c                  0x00000000   Number         0  beep.o ABSOLUTE
    ..\HARDWARE\DHT11\dht11.c                0x00000000   Number         0  dht11.o ABSOLUTE
    ..\HARDWARE\KEY\key.c                    0x00000000   Number         0  key.o ABSOLUTE
    ..\HARDWARE\LCD\lcd.c                    0x00000000   Number         0  lcd.o ABSOLUTE
    ..\HARDWARE\LED\led.c                    0x00000000   Number         0  led.o ABSOLUTE
    ..\HARDWARE\RTC\rtc.c                    0x00000000   Number         0  rtc.o ABSOLUTE
    ..\HARDWARE\STEP\step.c                  0x00000000   Number         0  step.o ABSOLUTE
    ..\HARDWARE\STMFLASH\stmflash.c          0x00000000   Number         0  stmflash.o ABSOLUTE
    ..\HARDWARE\TIMER\timer3.c               0x00000000   Number         0  timer3.o ABSOLUTE
    ..\HARDWARE\TIMER\timer4.c               0x00000000   Number         0  timer4.o ABSOLUTE
    ..\HARDWARE\WDG\wdg.c                    0x00000000   Number         0  wdg.o ABSOLUTE
    ..\STM32F10x_FWLib\src\misc.c            0x00000000   Number         0  misc.o ABSOLUTE
    ..\STM32F10x_FWLib\src\stm32f10x_bkp.c   0x00000000   Number         0  stm32f10x_bkp.o ABSOLUTE
    ..\STM32F10x_FWLib\src\stm32f10x_exti.c  0x00000000   Number         0  stm32f10x_exti.o ABSOLUTE
    ..\STM32F10x_FWLib\src\stm32f10x_flash.c 0x00000000   Number         0  stm32f10x_flash.o ABSOLUTE
    ..\STM32F10x_FWLib\src\stm32f10x_fsmc.c  0x00000000   Number         0  stm32f10x_fsmc.o ABSOLUTE
    ..\STM32F10x_FWLib\src\stm32f10x_gpio.c  0x00000000   Number         0  stm32f10x_gpio.o ABSOLUTE
    ..\STM32F10x_FWLib\src\stm32f10x_iwdg.c  0x00000000   Number         0  stm32f10x_iwdg.o ABSOLUTE
    ..\STM32F10x_FWLib\src\stm32f10x_pwr.c   0x00000000   Number         0  stm32f10x_pwr.o ABSOLUTE
    ..\STM32F10x_FWLib\src\stm32f10x_rcc.c   0x00000000   Number         0  stm32f10x_rcc.o ABSOLUTE
    ..\STM32F10x_FWLib\src\stm32f10x_rtc.c   0x00000000   Number         0  stm32f10x_rtc.o ABSOLUTE
    ..\STM32F10x_FWLib\src\stm32f10x_tim.c   0x00000000   Number         0  stm32f10x_tim.o ABSOLUTE
    ..\STM32F10x_FWLib\src\stm32f10x_usart.c 0x00000000   Number         0  stm32f10x_usart.o ABSOLUTE
    ..\SYSTEM\delay\delay.c                  0x00000000   Number         0  delay.o ABSOLUTE
    ..\SYSTEM\sys\sys.c                      0x00000000   Number         0  sys.o ABSOLUTE
    ..\SYSTEM\usart\usart.c                  0x00000000   Number         0  usart.o ABSOLUTE
    ..\\CORE\\core_cm3.c                     0x00000000   Number         0  core_cm3.o ABSOLUTE
    ..\\SYSTEM\\sys\\sys.c                   0x00000000   Number         0  sys.o ABSOLUTE
    dc.s                                     0x00000000   Number         0  dc.o ABSOLUTE
    main.c                                   0x00000000   Number         0  main.o ABSOLUTE
    stm32f10x_it.c                           0x00000000   Number         0  stm32f10x_it.o ABSOLUTE
    system_stm32f10x.c                       0x00000000   Number         0  system_stm32f10x.o ABSOLUTE
    RESET                                    0x08000000   Section      304  startup_stm32f10x_hd.o(RESET)
    !!!main                                  0x08000130   Section        8  __main.o(!!!main)
    !!!scatter                               0x08000138   Section       52  __scatter.o(!!!scatter)
    !!handler_copy                           0x0800016c   Section       26  __scatter_copy.o(!!handler_copy)
    !!handler_zi                             0x08000188   Section       28  __scatter_zi.o(!!handler_zi)
    .ARM.Collect$$_printf_percent$$00000000  0x080001a4   Section        0  _printf_percent.o(.ARM.Collect$$_printf_percent$$00000000)
    .ARM.Collect$$_printf_percent$$00000009  0x080001a4   Section        6  _printf_d.o(.ARM.Collect$$_printf_percent$$00000009)
    .ARM.Collect$$_printf_percent$$0000000C  0x080001aa   Section        6  _printf_x.o(.ARM.Collect$$_printf_percent$$0000000C)
    .ARM.Collect$$_printf_percent$$00000017  0x080001b0   Section        4  _printf_percent_end.o(.ARM.Collect$$_printf_percent$$00000017)
    .ARM.Collect$$libinit$$00000000          0x080001b4   Section        2  libinit.o(.ARM.Collect$$libinit$$00000000)
    .ARM.Collect$$libinit$$00000002          0x080001b6   Section        0  libinit2.o(.ARM.Collect$$libinit$$00000002)
    .ARM.Collect$$libinit$$00000004          0x080001b6   Section        0  libinit2.o(.ARM.Collect$$libinit$$00000004)
    .ARM.Collect$$libinit$$0000000A          0x080001b6   Section        0  libinit2.o(.ARM.Collect$$libinit$$0000000A)
    .ARM.Collect$$libinit$$0000000C          0x080001b6   Section        0  libinit2.o(.ARM.Collect$$libinit$$0000000C)
    .ARM.Collect$$libinit$$0000000E          0x080001b6   Section        0  libinit2.o(.ARM.Collect$$libinit$$0000000E)
    .ARM.Collect$$libinit$$00000011          0x080001b6   Section        0  libinit2.o(.ARM.Collect$$libinit$$00000011)
    .ARM.Collect$$libinit$$00000013          0x080001b6   Section        0  libinit2.o(.ARM.Collect$$libinit$$00000013)
    .ARM.Collect$$libinit$$00000015          0x080001b6   Section        0  libinit2.o(.ARM.Collect$$libinit$$00000015)
    .ARM.Collect$$libinit$$00000017          0x080001b6   Section        0  libinit2.o(.ARM.Collect$$libinit$$00000017)
    .ARM.Collect$$libinit$$00000019          0x080001b6   Section        0  libinit2.o(.ARM.Collect$$libinit$$00000019)
    .ARM.Collect$$libinit$$0000001B          0x080001b6   Section        0  libinit2.o(.ARM.Collect$$libinit$$0000001B)
    .ARM.Collect$$libinit$$0000001D          0x080001b6   Section        0  libinit2.o(.ARM.Collect$$libinit$$0000001D)
    .ARM.Collect$$libinit$$0000001F          0x080001b6   Section        0  libinit2.o(.ARM.Collect$$libinit$$0000001F)
    .ARM.Collect$$libinit$$00000021          0x080001b6   Section        0  libinit2.o(.ARM.Collect$$libinit$$00000021)
    .ARM.Collect$$libinit$$00000023          0x080001b6   Section        0  libinit2.o(.ARM.Collect$$libinit$$00000023)
    .ARM.Collect$$libinit$$00000025          0x080001b6   Section        0  libinit2.o(.ARM.Collect$$libinit$$00000025)
    .ARM.Collect$$libinit$$0000002C          0x080001b6   Section        0  libinit2.o(.ARM.Collect$$libinit$$0000002C)
    .ARM.Collect$$libinit$$0000002E          0x080001b6   Section        0  libinit2.o(.ARM.Collect$$libinit$$0000002E)
    .ARM.Collect$$libinit$$00000030          0x080001b6   Section        0  libinit2.o(.ARM.Collect$$libinit$$00000030)
    .ARM.Collect$$libinit$$00000032          0x080001b6   Section        0  libinit2.o(.ARM.Collect$$libinit$$00000032)
    .ARM.Collect$$libinit$$00000033          0x080001b6   Section        2  libinit2.o(.ARM.Collect$$libinit$$00000033)
    .ARM.Collect$$libshutdown$$00000000      0x080001b8   Section        2  libshutdown.o(.ARM.Collect$$libshutdown$$00000000)
    .ARM.Collect$$libshutdown$$00000003      0x080001ba   Section        0  libshutdown2.o(.ARM.Collect$$libshutdown$$00000003)
    .ARM.Collect$$libshutdown$$00000006      0x080001ba   Section        0  libshutdown2.o(.ARM.Collect$$libshutdown$$00000006)
    .ARM.Collect$$libshutdown$$00000009      0x080001ba   Section        0  libshutdown2.o(.ARM.Collect$$libshutdown$$00000009)
    .ARM.Collect$$libshutdown$$0000000B      0x080001ba   Section        0  libshutdown2.o(.ARM.Collect$$libshutdown$$0000000B)
    .ARM.Collect$$libshutdown$$0000000E      0x080001ba   Section        0  libshutdown2.o(.ARM.Collect$$libshutdown$$0000000E)
    .ARM.Collect$$libshutdown$$0000000F      0x080001ba   Section        2  libshutdown2.o(.ARM.Collect$$libshutdown$$0000000F)
    .ARM.Collect$$rtentry$$00000000          0x080001bc   Section        0  __rtentry.o(.ARM.Collect$$rtentry$$00000000)
    .ARM.Collect$$rtentry$$00000002          0x080001bc   Section        0  __rtentry2.o(.ARM.Collect$$rtentry$$00000002)
    .ARM.Collect$$rtentry$$00000004          0x080001bc   Section        6  __rtentry4.o(.ARM.Collect$$rtentry$$00000004)
    .ARM.Collect$$rtentry$$00000009          0x080001c2   Section        0  __rtentry2.o(.ARM.Collect$$rtentry$$00000009)
    .ARM.Collect$$rtentry$$0000000A          0x080001c2   Section        4  __rtentry2.o(.ARM.Collect$$rtentry$$0000000A)
    .ARM.Collect$$rtentry$$0000000C          0x080001c6   Section        0  __rtentry2.o(.ARM.Collect$$rtentry$$0000000C)
    .ARM.Collect$$rtentry$$0000000D          0x080001c6   Section        8  __rtentry2.o(.ARM.Collect$$rtentry$$0000000D)
    .ARM.Collect$$rtexit$$00000000           0x080001ce   Section        2  rtexit.o(.ARM.Collect$$rtexit$$00000000)
    .ARM.Collect$$rtexit$$00000002           0x080001d0   Section        0  rtexit2.o(.ARM.Collect$$rtexit$$00000002)
    .ARM.Collect$$rtexit$$00000003           0x080001d0   Section        4  rtexit2.o(.ARM.Collect$$rtexit$$00000003)
    .ARM.Collect$$rtexit$$00000004           0x080001d4   Section        6  rtexit2.o(.ARM.Collect$$rtexit$$00000004)
    .text                                    0x080001dc   Section        0  main.o(.text)
    .text                                    0x08000e90   Section        0  stm32f10x_it.o(.text)
    .text                                    0x08000eac   Section        0  system_stm32f10x.o(.text)
    SetSysClockTo72                          0x08000ead   Thumb Code   214  system_stm32f10x.o(.text)
    SetSysClock                              0x08000f83   Thumb Code     8  system_stm32f10x.o(.text)
    .text                                    0x0800108c   Section        0  led.o(.text)
    .text                                    0x080010d8   Section        0  key.o(.text)
    .text                                    0x080011b0   Section        0  lcd.o(.text)
    .text                                    0x08005c08   Section        0  rtc.o(.text)
    RTC_NVIC_Config                          0x08005c09   Thumb Code    32  rtc.o(.text)
    .text                                    0x0800607c   Section        0  beep.o(.text)
    .text                                    0x080060b4   Section        0  stmflash.o(.text)
    .text                                    0x080061f8   Section        0  dht11.o(.text)
    .text                                    0x08006394   Section        0  step.o(.text)
    .text                                    0x080064e0   Section        0  wdg.o(.text)
    .text                                    0x0800650c   Section        0  timer3.o(.text)
    .text                                    0x0800659c   Section        0  timer4.o(.text)
    .text                                    0x08006614   Section        0  delay.o(.text)
    .text                                    0x080066e8   Section        0  usart.o(.text)
    .text                                    0x08006828   Section       64  startup_stm32f10x_hd.o(.text)
    .text                                    0x08006868   Section        0  misc.o(.text)
    .text                                    0x08006944   Section        0  stm32f10x_bkp.o(.text)
    .text                                    0x08006a08   Section        0  stm32f10x_fsmc.o(.text)
    .text                                    0x08007014   Section        0  stm32f10x_gpio.o(.text)
    .text                                    0x08007370   Section        0  stm32f10x_pwr.o(.text)
    .text                                    0x0800743c   Section        0  stm32f10x_rcc.o(.text)
    .text                                    0x080077e0   Section        0  stm32f10x_usart.o(.text)
    .text                                    0x08007be8   Section        0  stm32f10x_rtc.o(.text)
    .text                                    0x08007d30   Section        0  stm32f10x_tim.o(.text)
    TI4_Config                               0x080081d7   Thumb Code   130  stm32f10x_tim.o(.text)
    TI3_Config                               0x0800826b   Thumb Code   122  stm32f10x_tim.o(.text)
    TI2_Config                               0x080082ff   Thumb Code   130  stm32f10x_tim.o(.text)
    TI1_Config                               0x08008393   Thumb Code   108  stm32f10x_tim.o(.text)
    .text                                    0x08008b4c   Section        0  stm32f10x_flash.o(.text)
    .text                                    0x08009108   Section        0  stm32f10x_iwdg.o(.text)
    .text                                    0x08009148   Section        2  use_no_semi_2.o(.text)
    .text                                    0x0800914c   Section        0  noretval__2printf.o(.text)
    .text                                    0x08009164   Section        0  __printf.o(.text)
    .text                                    0x080091cc   Section        0  _printf_dec.o(.text)
    .text                                    0x08009244   Section        0  _printf_hex_int.o(.text)
    .text                                    0x0800929c   Section        0  heapauxi.o(.text)
    .text                                    0x080092a2   Section        2  use_no_semi.o(.text)
    .text                                    0x080092a4   Section        0  _printf_intcommon.o(.text)
    .text                                    0x08009358   Section        0  _printf_char_file.o(.text)
    .text                                    0x0800937c   Section        0  _printf_char_common.o(.text)
    _printf_input_char                       0x0800937d   Thumb Code    10  _printf_char_common.o(.text)
    .text                                    0x080093ac   Section        0  ferror.o(.text)
    .text                                    0x080093b4   Section       74  sys_stackheap_outer.o(.text)
    .text                                    0x080093fe   Section        0  exit.o(.text)
    .text                                    0x0800940c   Section        8  libspace.o(.text)
    x$fpl$dfixu                              0x08009414   Section       90  dfixu.o(x$fpl$dfixu)
    x$fpl$dfltu                              0x0800946e   Section       38  dflt_clz.o(x$fpl$dfltu)
    x$fpl$dmul                               0x08009494   Section      340  dmul.o(x$fpl$dmul)
    x$fpl$dnaninf                            0x080095e8   Section      156  dnaninf.o(x$fpl$dnaninf)
    x$fpl$dretinf                            0x08009684   Section       12  dretinf.o(x$fpl$dretinf)
    .constdata                               0x08009690   Section       12  main.o(.constdata)
    x$fpl$usenofp                            0x08009690   Section        0  usenofp.o(x$fpl$usenofp)
    .constdata                               0x0800969c   Section     6080  lcd.o(.constdata)
    .constdata                               0x0800ae5c   Section       24  rtc.o(.constdata)
    .constdata                               0x0800ae74   Section       40  _printf_hex_int.o(.constdata)
    uc_hextab                                0x0800ae74   Data          20  _printf_hex_int.o(.constdata)
    lc_hextab                                0x0800ae88   Data          20  _printf_hex_int.o(.constdata)
    .conststring                             0x0800ae9c   Section      134  main.o(.conststring)
    .data                                    0x20000000   Section       20  system_stm32f10x.o(.data)
    .data                                    0x20000014   Section        1  key.o(.data)
    key_up                                   0x20000014   Data           1  key.o(.data)
    .data                                    0x20000016   Section        4  lcd.o(.data)
    .data                                    0x2000001a   Section        2  rtc.o(.data)
    daycnt                                   0x2000001a   Data           2  rtc.o(.data)
    .data                                    0x2000001c   Section        8  step.o(.data)
    .data                                    0x20000024   Section        1  timer3.o(.data)
    .data                                    0x20000026   Section        4  delay.o(.data)
    fac_us                                   0x20000026   Data           1  delay.o(.data)
    fac_ms                                   0x20000028   Data           2  delay.o(.data)
    .data                                    0x2000002c   Section        6  usart.o(.data)
    .data                                    0x20000032   Section       20  stm32f10x_rcc.o(.data)
    APBAHBPrescTable                         0x20000032   Data          16  stm32f10x_rcc.o(.data)
    ADCPrescTable                            0x20000042   Data           4  stm32f10x_rcc.o(.data)
    .bss                                     0x20000048   Section       14  lcd.o(.bss)
    .bss                                     0x20000056   Section       10  rtc.o(.bss)
    .bss                                     0x20000060   Section     2048  stmflash.o(.bss)
    .bss                                     0x20000860   Section      200  usart.o(.bss)
    .bss                                     0x20000928   Section       96  libspace.o(.bss)
    HEAP                                     0x20000988   Section      512  startup_stm32f10x_hd.o(HEAP)
    Heap_Mem                                 0x20000988   Data         512  startup_stm32f10x_hd.o(HEAP)
    STACK                                    0x20000b88   Section     1024  startup_stm32f10x_hd.o(STACK)
    Stack_Mem                                0x20000b88   Data        1024  startup_stm32f10x_hd.o(STACK)
    __initial_sp                             0x20000f88   Data           0  startup_stm32f10x_hd.o(STACK)

    Global Symbols

    Symbol Name                              Value     Ov Type        Size  Object(Section)

    BuildAttributes$$THM_ISAv4$P$D$K$B$S$PE$A:L22UL41UL21$X:L11$S22US41US21$IEEE1$IW$USESV6$~STKCKD$USESV7$~SHL$OSPACE$ROPI$EBA8$UX$STANDARDLIB$REQ8$PRES8$EABIv2 0x00000000   Number         0  anon$$obj.o ABSOLUTE
    __ARM_use_no_argv                        0x00000000   Number         0  main.o ABSOLUTE
    __ARM_exceptions_init                     - Undefined Weak Reference
    __alloca_initialize                       - Undefined Weak Reference
    __arm_preinit_                            - Undefined Weak Reference
    __cpp_initialize__aeabi_                  - Undefined Weak Reference
    __cxa_finalize                            - Undefined Weak Reference
    __rt_locale                               - Undefined Weak Reference
    __sigvec_lookup                           - Undefined Weak Reference
    _atexit_init                              - Undefined Weak Reference
    _call_atexit_fns                          - Undefined Weak Reference
    _clock_init                               - Undefined Weak Reference
    _fp_trap_init                             - Undefined Weak Reference
    _fp_trap_shutdown                         - Undefined Weak Reference
    _get_lc_collate                           - Undefined Weak Reference
    _get_lc_ctype                             - Undefined Weak Reference
    _get_lc_monetary                          - Undefined Weak Reference
    _get_lc_numeric                           - Undefined Weak Reference
    _get_lc_time                              - Undefined Weak Reference
    _getenv_init                              - Undefined Weak Reference
    _handle_redirection                       - Undefined Weak Reference
    _init_alloc                               - Undefined Weak Reference
    _init_user_alloc                          - Undefined Weak Reference
    _initio                                   - Undefined Weak Reference
    _mutex_acquire                            - Undefined Weak Reference
    _mutex_release                            - Undefined Weak Reference
    _printf_post_padding                      - Undefined Weak Reference
    _printf_pre_padding                       - Undefined Weak Reference
    _printf_truncate_signed                   - Undefined Weak Reference
    _printf_truncate_unsigned                 - Undefined Weak Reference
    _rand_init                                - Undefined Weak Reference
    _signal_finish                            - Undefined Weak Reference
    _signal_init                              - Undefined Weak Reference
    _terminate_alloc                          - Undefined Weak Reference
    _terminate_user_alloc                     - Undefined Weak Reference
    _terminateio                              - Undefined Weak Reference
    __Vectors_Size                           0x00000130   Number         0  startup_stm32f10x_hd.o ABSOLUTE
    __Vectors                                0x08000000   Data           4  startup_stm32f10x_hd.o(RESET)
    __Vectors_End                            0x08000130   Data           0  startup_stm32f10x_hd.o(RESET)
    __main                                   0x08000131   Thumb Code     8  __main.o(!!!main)
    __scatterload                            0x08000139   Thumb Code     0  __scatter.o(!!!scatter)
    __scatterload_rt2                        0x08000139   Thumb Code    44  __scatter.o(!!!scatter)
    __scatterload_rt2_thumb_only             0x08000139   Thumb Code     0  __scatter.o(!!!scatter)
    __scatterload_null                       0x08000147   Thumb Code     0  __scatter.o(!!!scatter)
    __scatterload_copy                       0x0800016d   Thumb Code    26  __scatter_copy.o(!!handler_copy)
    __scatterload_zeroinit                   0x08000189   Thumb Code    28  __scatter_zi.o(!!handler_zi)
    _printf_d                                0x080001a5   Thumb Code     0  _printf_d.o(.ARM.Collect$$_printf_percent$$00000009)
    _printf_percent                          0x080001a5   Thumb Code     0  _printf_percent.o(.ARM.Collect$$_printf_percent$$00000000)
    _printf_x                                0x080001ab   Thumb Code     0  _printf_x.o(.ARM.Collect$$_printf_percent$$0000000C)
    _printf_percent_end                      0x080001b1   Thumb Code     0  _printf_percent_end.o(.ARM.Collect$$_printf_percent$$00000017)
    __rt_lib_init                            0x080001b5   Thumb Code     0  libinit.o(.ARM.Collect$$libinit$$00000000)
    __rt_lib_init_alloca_1                   0x080001b7   Thumb Code     0  libinit2.o(.ARM.Collect$$libinit$$0000002E)
    __rt_lib_init_argv_1                     0x080001b7   Thumb Code     0  libinit2.o(.ARM.Collect$$libinit$$0000002C)
    __rt_lib_init_atexit_1                   0x080001b7   Thumb Code     0  libinit2.o(.ARM.Collect$$libinit$$0000001B)
    __rt_lib_init_clock_1                    0x080001b7   Thumb Code     0  libinit2.o(.ARM.Collect$$libinit$$00000021)
    __rt_lib_init_cpp_1                      0x080001b7   Thumb Code     0  libinit2.o(.ARM.Collect$$libinit$$00000032)
    __rt_lib_init_exceptions_1               0x080001b7   Thumb Code     0  libinit2.o(.ARM.Collect$$libinit$$00000030)
    __rt_lib_init_fp_1                       0x080001b7   Thumb Code     0  libinit2.o(.ARM.Collect$$libinit$$00000002)
    __rt_lib_init_fp_trap_1                  0x080001b7   Thumb Code     0  libinit2.o(.ARM.Collect$$libinit$$0000001F)
    __rt_lib_init_getenv_1                   0x080001b7   Thumb Code     0  libinit2.o(.ARM.Collect$$libinit$$00000023)
    __rt_lib_init_heap_1                     0x080001b7   Thumb Code     0  libinit2.o(.ARM.Collect$$libinit$$0000000A)
    __rt_lib_init_lc_collate_1               0x080001b7   Thumb Code     0  libinit2.o(.ARM.Collect$$libinit$$00000011)
    __rt_lib_init_lc_ctype_1                 0x080001b7   Thumb Code     0  libinit2.o(.ARM.Collect$$libinit$$00000013)
    __rt_lib_init_lc_monetary_1              0x080001b7   Thumb Code     0  libinit2.o(.ARM.Collect$$libinit$$00000015)
    __rt_lib_init_lc_numeric_1               0x080001b7   Thumb Code     0  libinit2.o(.ARM.Collect$$libinit$$00000017)
    __rt_lib_init_lc_time_1                  0x080001b7   Thumb Code     0  libinit2.o(.ARM.Collect$$libinit$$00000019)
    __rt_lib_init_preinit_1                  0x080001b7   Thumb Code     0  libinit2.o(.ARM.Collect$$libinit$$00000004)
    __rt_lib_init_rand_1                     0x080001b7   Thumb Code     0  libinit2.o(.ARM.Collect$$libinit$$0000000E)
    __rt_lib_init_return                     0x080001b7   Thumb Code     0  libinit2.o(.ARM.Collect$$libinit$$00000033)
    __rt_lib_init_signal_1                   0x080001b7   Thumb Code     0  libinit2.o(.ARM.Collect$$libinit$$0000001D)
    __rt_lib_init_stdio_1                    0x080001b7   Thumb Code     0  libinit2.o(.ARM.Collect$$libinit$$00000025)
    __rt_lib_init_user_alloc_1               0x080001b7   Thumb Code     0  libinit2.o(.ARM.Collect$$libinit$$0000000C)
    __rt_lib_shutdown                        0x080001b9   Thumb Code     0  libshutdown.o(.ARM.Collect$$libshutdown$$00000000)
    __rt_lib_shutdown_fp_trap_1              0x080001bb   Thumb Code     0  libshutdown2.o(.ARM.Collect$$libshutdown$$00000006)
    __rt_lib_shutdown_heap_1                 0x080001bb   Thumb Code     0  libshutdown2.o(.ARM.Collect$$libshutdown$$0000000E)
    __rt_lib_shutdown_return                 0x080001bb   Thumb Code     0  libshutdown2.o(.ARM.Collect$$libshutdown$$0000000F)
    __rt_lib_shutdown_signal_1               0x080001bb   Thumb Code     0  libshutdown2.o(.ARM.Collect$$libshutdown$$00000009)
    __rt_lib_shutdown_stdio_1                0x080001bb   Thumb Code     0  libshutdown2.o(.ARM.Collect$$libshutdown$$00000003)
    __rt_lib_shutdown_user_alloc_1           0x080001bb   Thumb Code     0  libshutdown2.o(.ARM.Collect$$libshutdown$$0000000B)
    __rt_entry                               0x080001bd   Thumb Code     0  __rtentry.o(.ARM.Collect$$rtentry$$00000000)
    __rt_entry_presh_1                       0x080001bd   Thumb Code     0  __rtentry2.o(.ARM.Collect$$rtentry$$00000002)
    __rt_entry_sh                            0x080001bd   Thumb Code     0  __rtentry4.o(.ARM.Collect$$rtentry$$00000004)
    __rt_entry_li                            0x080001c3   Thumb Code     0  __rtentry2.o(.ARM.Collect$$rtentry$$0000000A)
    __rt_entry_postsh_1                      0x080001c3   Thumb Code     0  __rtentry2.o(.ARM.Collect$$rtentry$$00000009)
    __rt_entry_main                          0x080001c7   Thumb Code     0  __rtentry2.o(.ARM.Collect$$rtentry$$0000000D)
    __rt_entry_postli_1                      0x080001c7   Thumb Code     0  __rtentry2.o(.ARM.Collect$$rtentry$$0000000C)
    __rt_exit                                0x080001cf   Thumb Code     0  rtexit.o(.ARM.Collect$$rtexit$$00000000)
    __rt_exit_ls                             0x080001d1   Thumb Code     0  rtexit2.o(.ARM.Collect$$rtexit$$00000003)
    __rt_exit_prels_1                        0x080001d1   Thumb Code     0  rtexit2.o(.ARM.Collect$$rtexit$$00000002)
    __rt_exit_exit                           0x080001d5   Thumb Code     0  rtexit2.o(.ARM.Collect$$rtexit$$00000004)
    show_msg                                 0x080001dd   Thumb Code   340  main.o(.text)
    main                                     0x08000331   Thumb Code  2640  main.o(.text)
    NMI_Handler                              0x08000e91   Thumb Code     2  stm32f10x_it.o(.text)
    HardFault_Handler                        0x08000e93   Thumb Code     4  stm32f10x_it.o(.text)
    MemManage_Handler                        0x08000e97   Thumb Code     4  stm32f10x_it.o(.text)
    BusFault_Handler                         0x08000e9b   Thumb Code     4  stm32f10x_it.o(.text)
    UsageFault_Handler                       0x08000e9f   Thumb Code     4  stm32f10x_it.o(.text)
    SVC_Handler                              0x08000ea3   Thumb Code     2  stm32f10x_it.o(.text)
    DebugMon_Handler                         0x08000ea5   Thumb Code     2  stm32f10x_it.o(.text)
    PendSV_Handler                           0x08000ea7   Thumb Code     2  stm32f10x_it.o(.text)
    SysTick_Handler                          0x08000ea9   Thumb Code     2  stm32f10x_it.o(.text)
    SystemInit                               0x08000f8b   Thumb Code    78  system_stm32f10x.o(.text)
    SystemCoreClockUpdate                    0x08000fd9   Thumb Code   142  system_stm32f10x.o(.text)
    LED_Init                                 0x0800108d   Thumb Code    68  led.o(.text)
    KEY_Init                                 0x080010d9   Thumb Code    52  key.o(.text)
    KEY_Scan                                 0x0800110d   Thumb Code   150  key.o(.text)
    LCD_WR_REG                               0x080011b1   Thumb Code     6  lcd.o(.text)
    LCD_WR_DATA                              0x080011b7   Thumb Code     8  lcd.o(.text)
    LCD_RD_DATA                              0x080011bf   Thumb Code    16  lcd.o(.text)
    LCD_WriteReg                             0x080011cf   Thumb Code    10  lcd.o(.text)
    LCD_ReadReg                              0x080011d9   Thumb Code    22  lcd.o(.text)
    LCD_WriteRAM_Prepare                     0x080011ef   Thumb Code    10  lcd.o(.text)
    LCD_WriteRAM                             0x080011f9   Thumb Code     8  lcd.o(.text)
    LCD_BGR2RGB                              0x08001201   Thumb Code    26  lcd.o(.text)
    opt_delay                                0x0800121b   Thumb Code    14  lcd.o(.text)
    LCD_SetCursor                            0x08001229   Thumb Code   418  lcd.o(.text)
    LCD_ReadPoint                            0x080013cb   Thumb Code   360  lcd.o(.text)
    LCD_DisplayOn                            0x08001533   Thumb Code   102  lcd.o(.text)
    LCD_DisplayOff                           0x08001599   Thumb Code    90  lcd.o(.text)
    LCD_Scan_Dir                             0x080015f3   Thumb Code   744  lcd.o(.text)
    LCD_DrawPoint                            0x080018db   Thumb Code    28  lcd.o(.text)
    LCD_Fast_DrawPoint                       0x080018f7   Thumb Code   384  lcd.o(.text)
    LCD_SSD_BackLightSet                     0x08001a77   Thumb Code    80  lcd.o(.text)
    LCD_Display_Dir                          0x08001ac7   Thumb Code   444  lcd.o(.text)
    LCD_Set_Window                           0x08001c83   Thumb Code   540  lcd.o(.text)
    LCD_Clear                                0x08001e9f   Thumb Code   100  lcd.o(.text)
    LCD_Init                                 0x08001f03   Thumb Code 14184  lcd.o(.text)
    LCD_Fill                                 0x0800566b   Thumb Code   178  lcd.o(.text)
    LCD_Color_Fill                           0x0800571d   Thumb Code   106  lcd.o(.text)
    LCD_DrawLine                             0x08005787   Thumb Code   176  lcd.o(.text)
    LCD_DrawRectangle                        0x08005837   Thumb Code    60  lcd.o(.text)
    LCD_Draw_Circle                          0x08005873   Thumb Code   152  lcd.o(.text)
    LCD_ShowChar                             0x0800590b   Thumb Code   272  lcd.o(.text)
    LCD_Pow                                  0x08005a1b   Thumb Code    22  lcd.o(.text)
    LCD_ShowNum                              0x08005a31   Thumb Code   148  lcd.o(.text)
    LCD_ShowxNum                             0x08005ac5   Thumb Code   220  lcd.o(.text)
    LCD_ShowString                           0x08005ba1   Thumb Code   102  lcd.o(.text)
    RTC_Get_Week                             0x08005c29   Thumb Code   116  rtc.o(.text)
    Is_Leap_Year                             0x08005c9d   Thumb Code    58  rtc.o(.text)
    RTC_Get                                  0x08005cd7   Thumb Code   240  rtc.o(.text)
    RTC_Set                                  0x08005dc7   Thumb Code   184  rtc.o(.text)
    RTC_Init                                 0x08005e7f   Thumb Code   190  rtc.o(.text)
    RTC_IRQHandler                           0x08005f3d   Thumb Code    76  rtc.o(.text)
    RTC_Alarm_Set                            0x08005f89   Thumb Code   184  rtc.o(.text)
    BEEP_Init                                0x0800607d   Thumb Code    50  beep.o(.text)
    STMFLASH_ReadHalfWord                    0x080060b5   Thumb Code     6  stmflash.o(.text)
    STMFLASH_Write_NoCheck                   0x080060bb   Thumb Code    38  stmflash.o(.text)
    STMFLASH_Read                            0x080060e1   Thumb Code    34  stmflash.o(.text)
    STMFLASH_Write                           0x08006103   Thumb Code   222  stmflash.o(.text)
    Test_Write                               0x080061e1   Thumb Code    16  stmflash.o(.text)
    DHT11_Rst                                0x080061f9   Thumb Code    52  dht11.o(.text)
    DHT11_Check                              0x0800622d   Thumb Code    96  dht11.o(.text)
    DHT11_Read_Bit                           0x0800628d   Thumb Code    76  dht11.o(.text)
    DHT11_Read_Byte                          0x080062d9   Thumb Code    30  dht11.o(.text)
    DHT11_Read_Data                          0x080062f7   Thumb Code    88  dht11.o(.text)
    DHT11_Init                               0x0800634f   Thumb Code    58  dht11.o(.text)
    Step_Motor_GPIO_Init                     0x08006395   Thumb Code    38  step.o(.text)
    SetMotor                                 0x080063bb   Thumb Code   192  step.o(.text)
    motor_circle                             0x0800647b   Thumb Code    90  step.o(.text)
    IWDG_Init                                0x080064e1   Thumb Code    36  wdg.o(.text)
    IWDG_Feed                                0x08006505   Thumb Code     8  wdg.o(.text)
    TIM3_Int_Init                            0x0800650d   Thumb Code    90  timer3.o(.text)
    TIM3_IRQHandler                          0x08006567   Thumb Code    44  timer3.o(.text)
    TIM4_Int_Init                            0x0800659d   Thumb Code    88  timer4.o(.text)
    TIM4_IRQHandler                          0x080065f5   Thumb Code    26  timer4.o(.text)
    delay_init                               0x08006615   Thumb Code    50  delay.o(.text)
    delay_us                                 0x08006647   Thumb Code    72  delay.o(.text)
    delay_ms                                 0x0800668f   Thumb Code    72  delay.o(.text)
    _sys_exit                                0x080066e9   Thumb Code     4  usart.o(.text)
    fputc                                    0x080066ed   Thumb Code    24  usart.o(.text)
    uart_init                                0x08006705   Thumb Code   152  usart.o(.text)
    USART1_IRQHandler                        0x0800679d   Thumb Code   122  usart.o(.text)
    Reset_Handler                            0x08006829   Thumb Code     8  startup_stm32f10x_hd.o(.text)
    ADC1_2_IRQHandler                        0x08006843   Thumb Code     0  startup_stm32f10x_hd.o(.text)
    ADC3_IRQHandler                          0x08006843   Thumb Code     0  startup_stm32f10x_hd.o(.text)
    CAN1_RX1_IRQHandler                      0x08006843   Thumb Code     0  startup_stm32f10x_hd.o(.text)
    CAN1_SCE_IRQHandler                      0x08006843   Thumb Code     0  startup_stm32f10x_hd.o(.text)
    DMA1_Channel1_IRQHandler                 0x08006843   Thumb Code     0  startup_stm32f10x_hd.o(.text)
    DMA1_Channel2_IRQHandler                 0x08006843   Thumb Code     0  startup_stm32f10x_hd.o(.text)
    DMA1_Channel3_IRQHandler                 0x08006843   Thumb Code     0  startup_stm32f10x_hd.o(.text)
    DMA1_Channel4_IRQHandler                 0x08006843   Thumb Code     0  startup_stm32f10x_hd.o(.text)
    DMA1_Channel5_IRQHandler                 0x08006843   Thumb Code     0  startup_stm32f10x_hd.o(.text)
    DMA1_Channel6_IRQHandler                 0x08006843   Thumb Code     0  startup_stm32f10x_hd.o(.text)
    DMA1_Channel7_IRQHandler                 0x08006843   Thumb Code     0  startup_stm32f10x_hd.o(.text)
    DMA2_Channel1_IRQHandler                 0x08006843   Thumb Code     0  startup_stm32f10x_hd.o(.text)
    DMA2_Channel2_IRQHandler                 0x08006843   Thumb Code     0  startup_stm32f10x_hd.o(.text)
    DMA2_Channel3_IRQHandler                 0x08006843   Thumb Code     0  startup_stm32f10x_hd.o(.text)
    DMA2_Channel4_5_IRQHandler               0x08006843   Thumb Code     0  startup_stm32f10x_hd.o(.text)
    EXTI0_IRQHandler                         0x08006843   Thumb Code     0  startup_stm32f10x_hd.o(.text)
    EXTI15_10_IRQHandler                     0x08006843   Thumb Code     0  startup_stm32f10x_hd.o(.text)
    EXTI1_IRQHandler                         0x08006843   Thumb Code     0  startup_stm32f10x_hd.o(.text)
    EXTI2_IRQHandler                         0x08006843   Thumb Code     0  startup_stm32f10x_hd.o(.text)
    EXTI3_IRQHandler                         0x08006843   Thumb Code     0  startup_stm32f10x_hd.o(.text)
    EXTI4_IRQHandler                         0x08006843   Thumb Code     0  startup_stm32f10x_hd.o(.text)
    EXTI9_5_IRQHandler                       0x08006843   Thumb Code     0  startup_stm32f10x_hd.o(.text)
    FLASH_IRQHandler                         0x08006843   Thumb Code     0  startup_stm32f10x_hd.o(.text)
    FSMC_IRQHandler                          0x08006843   Thumb Code     0  startup_stm32f10x_hd.o(.text)
    I2C1_ER_IRQHandler                       0x08006843   Thumb Code     0  startup_stm32f10x_hd.o(.text)
    I2C1_EV_IRQHandler                       0x08006843   Thumb Code     0  startup_stm32f10x_hd.o(.text)
    I2C2_ER_IRQHandler                       0x08006843   Thumb Code     0  startup_stm32f10x_hd.o(.text)
    I2C2_EV_IRQHandler                       0x08006843   Thumb Code     0  startup_stm32f10x_hd.o(.text)
    PVD_IRQHandler                           0x08006843   Thumb Code     0  startup_stm32f10x_hd.o(.text)
    RCC_IRQHandler                           0x08006843   Thumb Code     0  startup_stm32f10x_hd.o(.text)
    RTCAlarm_IRQHandler                      0x08006843   Thumb Code     0  startup_stm32f10x_hd.o(.text)
    SDIO_IRQHandler                          0x08006843   Thumb Code     0  startup_stm32f10x_hd.o(.text)
    SPI1_IRQHandler                          0x08006843   Thumb Code     0  startup_stm32f10x_hd.o(.text)
    SPI2_IRQHandler                          0x08006843   Thumb Code     0  startup_stm32f10x_hd.o(.text)
    SPI3_IRQHandler                          0x08006843   Thumb Code     0  startup_stm32f10x_hd.o(.text)
    TAMPER_IRQHandler                        0x08006843   Thumb Code     0  startup_stm32f10x_hd.o(.text)
    TIM1_BRK_IRQHandler                      0x08006843   Thumb Code     0  startup_stm32f10x_hd.o(.text)
    TIM1_CC_IRQHandler                       0x08006843   Thumb Code     0  startup_stm32f10x_hd.o(.text)
    TIM1_TRG_COM_IRQHandler                  0x08006843   Thumb Code     0  startup_stm32f10x_hd.o(.text)
    TIM1_UP_IRQHandler                       0x08006843   Thumb Code     0  startup_stm32f10x_hd.o(.text)
    TIM2_IRQHandler                          0x08006843   Thumb Code     0  startup_stm32f10x_hd.o(.text)
    TIM5_IRQHandler                          0x08006843   Thumb Code     0  startup_stm32f10x_hd.o(.text)
    TIM6_IRQHandler                          0x08006843   Thumb Code     0  startup_stm32f10x_hd.o(.text)
    TIM7_IRQHandler                          0x08006843   Thumb Code     0  startup_stm32f10x_hd.o(.text)
    TIM8_BRK_IRQHandler                      0x08006843   Thumb Code     0  startup_stm32f10x_hd.o(.text)
    TIM8_CC_IRQHandler                       0x08006843   Thumb Code     0  startup_stm32f10x_hd.o(.text)
    TIM8_TRG_COM_IRQHandler                  0x08006843   Thumb Code     0  startup_stm32f10x_hd.o(.text)
    TIM8_UP_IRQHandler                       0x08006843   Thumb Code     0  startup_stm32f10x_hd.o(.text)
    UART4_IRQHandler                         0x08006843   Thumb Code     0  startup_stm32f10x_hd.o(.text)
    UART5_IRQHandler                         0x08006843   Thumb Code     0  startup_stm32f10x_hd.o(.text)
    USART2_IRQHandler                        0x08006843   Thumb Code     0  startup_stm32f10x_hd.o(.text)
    USART3_IRQHandler                        0x08006843   Thumb Code     0  startup_stm32f10x_hd.o(.text)
    USBWakeUp_IRQHandler                     0x08006843   Thumb Code     0  startup_stm32f10x_hd.o(.text)
    USB_HP_CAN1_TX_IRQHandler                0x08006843   Thumb Code     0  startup_stm32f10x_hd.o(.text)
    USB_LP_CAN1_RX0_IRQHandler               0x08006843   Thumb Code     0  startup_stm32f10x_hd.o(.text)
    WWDG_IRQHandler                          0x08006843   Thumb Code     0  startup_stm32f10x_hd.o(.text)
    __user_initial_stackheap                 0x08006845   Thumb Code     0  startup_stm32f10x_hd.o(.text)
    NVIC_PriorityGroupConfig                 0x08006869   Thumb Code    10  misc.o(.text)
    NVIC_Init                                0x08006873   Thumb Code   100  misc.o(.text)
    NVIC_SetVectorTable                      0x080068d7   Thumb Code    14  misc.o(.text)
    NVIC_SystemLPConfig                      0x080068e5   Thumb Code    34  misc.o(.text)
    SysTick_CLKSourceConfig                  0x08006907   Thumb Code    40  misc.o(.text)
    BKP_DeInit                               0x08006945   Thumb Code    16  stm32f10x_bkp.o(.text)
    BKP_TamperPinLevelConfig                 0x08006955   Thumb Code     6  stm32f10x_bkp.o(.text)
    BKP_TamperPinCmd                         0x0800695b   Thumb Code     8  stm32f10x_bkp.o(.text)
    BKP_ITConfig                             0x08006963   Thumb Code     8  stm32f10x_bkp.o(.text)
    BKP_RTCOutputConfig                      0x0800696b   Thumb Code    22  stm32f10x_bkp.o(.text)
    BKP_SetRTCCalibrationValue               0x08006981   Thumb Code    22  stm32f10x_bkp.o(.text)
    BKP_WriteBackupRegister                  0x08006997   Thumb Code    24  stm32f10x_bkp.o(.text)
    BKP_ReadBackupRegister                   0x080069af   Thumb Code    26  stm32f10x_bkp.o(.text)
    BKP_GetFlagStatus                        0x080069c9   Thumb Code    10  stm32f10x_bkp.o(.text)
    BKP_ClearFlag                            0x080069d3   Thumb Code    18  stm32f10x_bkp.o(.text)
    BKP_GetITStatus                          0x080069e5   Thumb Code    10  stm32f10x_bkp.o(.text)
    BKP_ClearITPendingBit                    0x080069ef   Thumb Code    18  stm32f10x_bkp.o(.text)
    FSMC_NORSRAMDeInit                       0x08006a09   Thumb Code    54  stm32f10x_fsmc.o(.text)
    FSMC_NANDDeInit                          0x08006a3f   Thumb Code    62  stm32f10x_fsmc.o(.text)
    FSMC_PCCARDDeInit                        0x08006a7d   Thumb Code    36  stm32f10x_fsmc.o(.text)
    FSMC_NORSRAMInit                         0x08006aa1   Thumb Code   230  stm32f10x_fsmc.o(.text)
    FSMC_NANDInit                            0x08006b87   Thumb Code   132  stm32f10x_fsmc.o(.text)
    FSMC_PCCARDInit                          0x08006c0b   Thumb Code   130  stm32f10x_fsmc.o(.text)
    FSMC_NORSRAMStructInit                   0x08006c8d   Thumb Code   114  stm32f10x_fsmc.o(.text)
    FSMC_NANDStructInit                      0x08006cff   Thumb Code    54  stm32f10x_fsmc.o(.text)
    FSMC_PCCARDStructInit                    0x08006d35   Thumb Code    60  stm32f10x_fsmc.o(.text)
    FSMC_NORSRAMCmd                          0x08006d71   Thumb Code    46  stm32f10x_fsmc.o(.text)
    FSMC_NANDCmd                             0x08006d9f   Thumb Code    86  stm32f10x_fsmc.o(.text)
    FSMC_PCCARDCmd                           0x08006df5   Thumb Code    44  stm32f10x_fsmc.o(.text)
    FSMC_NANDECCCmd                          0x08006e21   Thumb Code    90  stm32f10x_fsmc.o(.text)
    FSMC_GetECC                              0x08006e7b   Thumb Code    24  stm32f10x_fsmc.o(.text)
    FSMC_ITConfig                            0x08006e93   Thumb Code   128  stm32f10x_fsmc.o(.text)
    FSMC_GetFlagStatus                       0x08006f13   Thumb Code    54  stm32f10x_fsmc.o(.text)
    FSMC_ClearFlag                           0x08006f49   Thumb Code    62  stm32f10x_fsmc.o(.text)
    FSMC_GetITStatus                         0x08006f87   Thumb Code    64  stm32f10x_fsmc.o(.text)
    FSMC_ClearITPendingBit                   0x08006fc7   Thumb Code    68  stm32f10x_fsmc.o(.text)
    GPIO_DeInit                              0x08007015   Thumb Code   172  stm32f10x_gpio.o(.text)
    GPIO_AFIODeInit                          0x080070c1   Thumb Code    20  stm32f10x_gpio.o(.text)
    GPIO_Init                                0x080070d5   Thumb Code   278  stm32f10x_gpio.o(.text)
    GPIO_StructInit                          0x080071eb   Thumb Code    16  stm32f10x_gpio.o(.text)
    GPIO_ReadInputDataBit                    0x080071fb   Thumb Code    18  stm32f10x_gpio.o(.text)
    GPIO_ReadInputData                       0x0800720d   Thumb Code     8  stm32f10x_gpio.o(.text)
    GPIO_ReadOutputDataBit                   0x08007215   Thumb Code    18  stm32f10x_gpio.o(.text)
    GPIO_ReadOutputData                      0x08007227   Thumb Code     8  stm32f10x_gpio.o(.text)
    GPIO_SetBits                             0x0800722f   Thumb Code     4  stm32f10x_gpio.o(.text)
    GPIO_ResetBits                           0x08007233   Thumb Code     4  stm32f10x_gpio.o(.text)
    GPIO_WriteBit                            0x08007237   Thumb Code    10  stm32f10x_gpio.o(.text)
    GPIO_Write                               0x08007241   Thumb Code     4  stm32f10x_gpio.o(.text)
    GPIO_PinLockConfig                       0x08007245   Thumb Code    18  stm32f10x_gpio.o(.text)
    GPIO_EventOutputConfig                   0x08007257   Thumb Code    26  stm32f10x_gpio.o(.text)
    GPIO_EventOutputCmd                      0x08007271   Thumb Code     6  stm32f10x_gpio.o(.text)
    GPIO_PinRemapConfig                      0x08007277   Thumb Code   138  stm32f10x_gpio.o(.text)
    GPIO_EXTILineConfig                      0x08007301   Thumb Code    66  stm32f10x_gpio.o(.text)
    GPIO_ETH_MediaInterfaceConfig            0x08007343   Thumb Code     8  stm32f10x_gpio.o(.text)
    PWR_DeInit                               0x08007371   Thumb Code    22  stm32f10x_pwr.o(.text)
    PWR_BackupAccessCmd                      0x08007387   Thumb Code     6  stm32f10x_pwr.o(.text)
    PWR_PVDCmd                               0x0800738d   Thumb Code     6  stm32f10x_pwr.o(.text)
    PWR_PVDLevelConfig                       0x08007393   Thumb Code    18  stm32f10x_pwr.o(.text)
    PWR_WakeUpPinCmd                         0x080073a5   Thumb Code     8  stm32f10x_pwr.o(.text)
    PWR_EnterSTOPMode                        0x080073ad   Thumb Code    54  stm32f10x_pwr.o(.text)
    PWR_EnterSTANDBYMode                     0x080073e3   Thumb Code    42  stm32f10x_pwr.o(.text)
    PWR_GetFlagStatus                        0x0800740d   Thumb Code    20  stm32f10x_pwr.o(.text)
    PWR_ClearFlag                            0x08007421   Thumb Code    14  stm32f10x_pwr.o(.text)
    RCC_DeInit                               0x0800743d   Thumb Code    64  stm32f10x_rcc.o(.text)
    RCC_HSEConfig                            0x0800747d   Thumb Code    70  stm32f10x_rcc.o(.text)
    RCC_GetFlagStatus                        0x080074c3   Thumb Code    56  stm32f10x_rcc.o(.text)
    RCC_WaitForHSEStartUp                    0x080074fb   Thumb Code    56  stm32f10x_rcc.o(.text)
    RCC_AdjustHSICalibrationValue            0x08007533   Thumb Code    20  stm32f10x_rcc.o(.text)
    RCC_HSICmd                               0x08007547   Thumb Code     6  stm32f10x_rcc.o(.text)
    RCC_PLLConfig                            0x0800754d   Thumb Code    24  stm32f10x_rcc.o(.text)
    RCC_PLLCmd                               0x08007565   Thumb Code     6  stm32f10x_rcc.o(.text)
    RCC_SYSCLKConfig                         0x0800756b   Thumb Code    18  stm32f10x_rcc.o(.text)
    RCC_GetSYSCLKSource                      0x0800757d   Thumb Code    10  stm32f10x_rcc.o(.text)
    RCC_HCLKConfig                           0x08007587   Thumb Code    18  stm32f10x_rcc.o(.text)
    RCC_PCLK1Config                          0x08007599   Thumb Code    18  stm32f10x_rcc.o(.text)
    RCC_PCLK2Config                          0x080075ab   Thumb Code    20  stm32f10x_rcc.o(.text)
    RCC_ITConfig                             0x080075bf   Thumb Code    26  stm32f10x_rcc.o(.text)
    RCC_USBCLKConfig                         0x080075d9   Thumb Code     8  stm32f10x_rcc.o(.text)
    RCC_ADCCLKConfig                         0x080075e1   Thumb Code    18  stm32f10x_rcc.o(.text)
    RCC_LSEConfig                            0x080075f3   Thumb Code    50  stm32f10x_rcc.o(.text)
    RCC_LSICmd                               0x08007625   Thumb Code     6  stm32f10x_rcc.o(.text)
    RCC_RTCCLKConfig                         0x0800762b   Thumb Code    12  stm32f10x_rcc.o(.text)
    RCC_RTCCLKCmd                            0x08007637   Thumb Code     8  stm32f10x_rcc.o(.text)
    RCC_GetClocksFreq                        0x0800763f   Thumb Code   192  stm32f10x_rcc.o(.text)
    RCC_AHBPeriphClockCmd                    0x080076ff   Thumb Code    26  stm32f10x_rcc.o(.text)
    RCC_APB2PeriphClockCmd                   0x08007719   Thumb Code    26  stm32f10x_rcc.o(.text)
    RCC_APB1PeriphClockCmd                   0x08007733   Thumb Code    26  stm32f10x_rcc.o(.text)
    RCC_APB2PeriphResetCmd                   0x0800774d   Thumb Code    26  stm32f10x_rcc.o(.text)
    RCC_APB1PeriphResetCmd                   0x08007767   Thumb Code    26  stm32f10x_rcc.o(.text)
    RCC_BackupResetCmd                       0x08007781   Thumb Code     8  stm32f10x_rcc.o(.text)
    RCC_ClockSecuritySystemCmd               0x08007789   Thumb Code     6  stm32f10x_rcc.o(.text)
    RCC_MCOConfig                            0x0800778f   Thumb Code     6  stm32f10x_rcc.o(.text)
    RCC_ClearFlag                            0x08007795   Thumb Code    14  stm32f10x_rcc.o(.text)
    RCC_GetITStatus                          0x080077a3   Thumb Code    20  stm32f10x_rcc.o(.text)
    RCC_ClearITPendingBit                    0x080077b7   Thumb Code     6  stm32f10x_rcc.o(.text)
    USART_DeInit                             0x080077e1   Thumb Code   134  stm32f10x_usart.o(.text)
    USART_Init                               0x08007867   Thumb Code   210  stm32f10x_usart.o(.text)
    USART_StructInit                         0x08007939   Thumb Code    24  stm32f10x_usart.o(.text)
    USART_ClockInit                          0x08007951   Thumb Code    34  stm32f10x_usart.o(.text)
    USART_ClockStructInit                    0x08007973   Thumb Code    12  stm32f10x_usart.o(.text)
    USART_Cmd                                0x0800797f   Thumb Code    24  stm32f10x_usart.o(.text)
    USART_ITConfig                           0x08007997   Thumb Code    74  stm32f10x_usart.o(.text)
    USART_DMACmd                             0x080079e1   Thumb Code    18  stm32f10x_usart.o(.text)
    USART_SetAddress                         0x080079f3   Thumb Code    18  stm32f10x_usart.o(.text)
    USART_WakeUpConfig                       0x08007a05   Thumb Code    18  stm32f10x_usart.o(.text)
    USART_ReceiverWakeUpCmd                  0x08007a17   Thumb Code    24  stm32f10x_usart.o(.text)
    USART_LINBreakDetectLengthConfig         0x08007a2f   Thumb Code    18  stm32f10x_usart.o(.text)
    USART_LINCmd                             0x08007a41   Thumb Code    24  stm32f10x_usart.o(.text)
    USART_SendData                           0x08007a59   Thumb Code     8  stm32f10x_usart.o(.text)
    USART_ReceiveData                        0x08007a61   Thumb Code    10  stm32f10x_usart.o(.text)
    USART_SendBreak                          0x08007a6b   Thumb Code    10  stm32f10x_usart.o(.text)
    USART_SetGuardTime                       0x08007a75   Thumb Code    16  stm32f10x_usart.o(.text)
    USART_SetPrescaler                       0x08007a85   Thumb Code    16  stm32f10x_usart.o(.text)
    USART_SmartCardCmd                       0x08007a95   Thumb Code    24  stm32f10x_usart.o(.text)
    USART_SmartCardNACKCmd                   0x08007aad   Thumb Code    24  stm32f10x_usart.o(.text)
    USART_HalfDuplexCmd                      0x08007ac5   Thumb Code    24  stm32f10x_usart.o(.text)
    USART_OverSampling8Cmd                   0x08007add   Thumb Code    22  stm32f10x_usart.o(.text)
    USART_OneBitMethodCmd                    0x08007af3   Thumb Code    24  stm32f10x_usart.o(.text)
    USART_IrDAConfig                         0x08007b0b   Thumb Code    18  stm32f10x_usart.o(.text)
    USART_IrDACmd                            0x08007b1d   Thumb Code    24  stm32f10x_usart.o(.text)
    USART_GetFlagStatus                      0x08007b35   Thumb Code    26  stm32f10x_usart.o(.text)
    USART_ClearFlag                          0x08007b4f   Thumb Code    18  stm32f10x_usart.o(.text)
    USART_GetITStatus                        0x08007b61   Thumb Code    84  stm32f10x_usart.o(.text)
    USART_ClearITPendingBit                  0x08007bb5   Thumb Code    52  stm32f10x_usart.o(.text)
    RTC_ITConfig                             0x08007be9   Thumb Code    26  stm32f10x_rtc.o(.text)
    RTC_EnterConfigMode                      0x08007c03   Thumb Code    18  stm32f10x_rtc.o(.text)
    RTC_ExitConfigMode                       0x08007c15   Thumb Code    20  stm32f10x_rtc.o(.text)
    RTC_GetCounter                           0x08007c29   Thumb Code    18  stm32f10x_rtc.o(.text)
    RTC_SetCounter                           0x08007c3b   Thumb Code    26  stm32f10x_rtc.o(.text)
    RTC_SetPrescaler                         0x08007c55   Thumb Code    28  stm32f10x_rtc.o(.text)
    RTC_SetAlarm                             0x08007c71   Thumb Code    26  stm32f10x_rtc.o(.text)
    RTC_GetDivider                           0x08007c8b   Thumb Code    22  stm32f10x_rtc.o(.text)
    RTC_WaitForLastTask                      0x08007ca1   Thumb Code    18  stm32f10x_rtc.o(.text)
    RTC_WaitForSynchro                       0x08007cb3   Thumb Code    36  stm32f10x_rtc.o(.text)
    RTC_GetFlagStatus                        0x08007cd7   Thumb Code    22  stm32f10x_rtc.o(.text)
    RTC_ClearFlag                            0x08007ced   Thumb Code    16  stm32f10x_rtc.o(.text)
    RTC_GetITStatus                          0x08007cfd   Thumb Code    32  stm32f10x_rtc.o(.text)
    RTC_ClearITPendingBit                    0x08007d1d   Thumb Code    16  stm32f10x_rtc.o(.text)
    TIM_DeInit                               0x08007d31   Thumb Code   424  stm32f10x_tim.o(.text)
    TIM_TimeBaseInit                         0x08007ed9   Thumb Code   122  stm32f10x_tim.o(.text)
    TIM_OC1Init                              0x08007f53   Thumb Code   132  stm32f10x_tim.o(.text)
    TIM_OC2Init                              0x08007fd7   Thumb Code   154  stm32f10x_tim.o(.text)
    TIM_OC3Init                              0x08008071   Thumb Code   150  stm32f10x_tim.o(.text)
    TIM_OC4Init                              0x08008107   Thumb Code   182  stm32f10x_tim.o(.text)
    TIM_SetIC4Prescaler                      0x080081bd   Thumb Code    26  stm32f10x_tim.o(.text)
    TIM_SetIC3Prescaler                      0x08008259   Thumb Code    18  stm32f10x_tim.o(.text)
    TIM_SetIC2Prescaler                      0x080082e5   Thumb Code    26  stm32f10x_tim.o(.text)
    TIM_SetIC1Prescaler                      0x08008381   Thumb Code    18  stm32f10x_tim.o(.text)
    TIM_ICInit                               0x080083ff   Thumb Code   150  stm32f10x_tim.o(.text)
    TIM_PWMIConfig                           0x08008495   Thumb Code   124  stm32f10x_tim.o(.text)
    TIM_BDTRConfig                           0x08008511   Thumb Code    32  stm32f10x_tim.o(.text)
    TIM_TimeBaseStructInit                   0x08008531   Thumb Code    18  stm32f10x_tim.o(.text)
    TIM_OCStructInit                         0x08008543   Thumb Code    20  stm32f10x_tim.o(.text)
    TIM_ICStructInit                         0x08008557   Thumb Code    18  stm32f10x_tim.o(.text)
    TIM_BDTRStructInit                       0x08008569   Thumb Code    40  stm32f10x_tim.o(.text)
    TIM_Cmd                                  0x08008591   Thumb Code    24  stm32f10x_tim.o(.text)
    TIM_CtrlPWMOutputs                       0x080085a9   Thumb Code    30  stm32f10x_tim.o(.text)
    TIM_ITConfig                             0x080085c7   Thumb Code    18  stm32f10x_tim.o(.text)
    TIM_GenerateEvent                        0x080085d9   Thumb Code     4  stm32f10x_tim.o(.text)
    TIM_DMAConfig                            0x080085dd   Thumb Code    10  stm32f10x_tim.o(.text)
    TIM_DMACmd                               0x080085e7   Thumb Code    18  stm32f10x_tim.o(.text)
    TIM_InternalClockConfig                  0x080085f9   Thumb Code    12  stm32f10x_tim.o(.text)
    TIM_SelectInputTrigger                   0x08008605   Thumb Code    18  stm32f10x_tim.o(.text)
    TIM_ITRxExternalClockConfig              0x08008617   Thumb Code    24  stm32f10x_tim.o(.text)
    TIM_TIxExternalClockConfig               0x0800862f   Thumb Code    62  stm32f10x_tim.o(.text)
    TIM_ETRConfig                            0x0800866d   Thumb Code    28  stm32f10x_tim.o(.text)
    TIM_ETRClockMode1Config                  0x08008689   Thumb Code    54  stm32f10x_tim.o(.text)
    TIM_ETRClockMode2Config                  0x080086bf   Thumb Code    32  stm32f10x_tim.o(.text)
    TIM_PrescalerConfig                      0x080086df   Thumb Code     6  stm32f10x_tim.o(.text)
    TIM_CounterModeConfig                    0x080086e5   Thumb Code    18  stm32f10x_tim.o(.text)
    TIM_EncoderInterfaceConfig               0x080086f7   Thumb Code    66  stm32f10x_tim.o(.text)
    TIM_ForcedOC1Config                      0x08008739   Thumb Code    18  stm32f10x_tim.o(.text)
    TIM_ForcedOC2Config                      0x0800874b   Thumb Code    26  stm32f10x_tim.o(.text)
    TIM_ForcedOC3Config                      0x08008765   Thumb Code    18  stm32f10x_tim.o(.text)
    TIM_ForcedOC4Config                      0x08008777   Thumb Code    26  stm32f10x_tim.o(.text)
    TIM_ARRPreloadConfig                     0x08008791   Thumb Code    24  stm32f10x_tim.o(.text)
    TIM_SelectCOM                            0x080087a9   Thumb Code    24  stm32f10x_tim.o(.text)
    TIM_SelectCCDMA                          0x080087c1   Thumb Code    24  stm32f10x_tim.o(.text)
    TIM_CCPreloadControl                     0x080087d9   Thumb Code    24  stm32f10x_tim.o(.text)
    TIM_OC1PreloadConfig                     0x080087f1   Thumb Code    18  stm32f10x_tim.o(.text)
    TIM_OC2PreloadConfig                     0x08008803   Thumb Code    26  stm32f10x_tim.o(.text)
    TIM_OC3PreloadConfig                     0x0800881d   Thumb Code    18  stm32f10x_tim.o(.text)
    TIM_OC4PreloadConfig                     0x0800882f   Thumb Code    26  stm32f10x_tim.o(.text)
    TIM_OC1FastConfig                        0x08008849   Thumb Code    18  stm32f10x_tim.o(.text)
    TIM_OC2FastConfig                        0x0800885b   Thumb Code    26  stm32f10x_tim.o(.text)
    TIM_OC3FastConfig                        0x08008875   Thumb Code    18  stm32f10x_tim.o(.text)
    TIM_OC4FastConfig                        0x08008887   Thumb Code    26  stm32f10x_tim.o(.text)
    TIM_ClearOC1Ref                          0x080088a1   Thumb Code    18  stm32f10x_tim.o(.text)
    TIM_ClearOC2Ref                          0x080088b3   Thumb Code    24  stm32f10x_tim.o(.text)
    TIM_ClearOC3Ref                          0x080088cb   Thumb Code    18  stm32f10x_tim.o(.text)
    TIM_ClearOC4Ref                          0x080088dd   Thumb Code    24  stm32f10x_tim.o(.text)
    TIM_OC1PolarityConfig                    0x080088f5   Thumb Code    18  stm32f10x_tim.o(.text)
    TIM_OC1NPolarityConfig                   0x08008907   Thumb Code    18  stm32f10x_tim.o(.text)
    TIM_OC2PolarityConfig                    0x08008919   Thumb Code    26  stm32f10x_tim.o(.text)
    TIM_OC2NPolarityConfig                   0x08008933   Thumb Code    26  stm32f10x_tim.o(.text)
    TIM_OC3PolarityConfig                    0x0800894d   Thumb Code    26  stm32f10x_tim.o(.text)
    TIM_OC3NPolarityConfig                   0x08008967   Thumb Code    26  stm32f10x_tim.o(.text)
    TIM_OC4PolarityConfig                    0x08008981   Thumb Code    26  stm32f10x_tim.o(.text)
    TIM_CCxCmd                               0x0800899b   Thumb Code    30  stm32f10x_tim.o(.text)
    TIM_CCxNCmd                              0x080089b9   Thumb Code    30  stm32f10x_tim.o(.text)
    TIM_SelectOCxM                           0x080089d7   Thumb Code    82  stm32f10x_tim.o(.text)
    TIM_UpdateDisableConfig                  0x08008a29   Thumb Code    24  stm32f10x_tim.o(.text)
    TIM_UpdateRequestConfig                  0x08008a41   Thumb Code    24  stm32f10x_tim.o(.text)
    TIM_SelectHallSensor                     0x08008a59   Thumb Code    24  stm32f10x_tim.o(.text)
    TIM_SelectOnePulseMode                   0x08008a71   Thumb Code    18  stm32f10x_tim.o(.text)
    TIM_SelectOutputTrigger                  0x08008a83   Thumb Code    18  stm32f10x_tim.o(.text)
    TIM_SelectSlaveMode                      0x08008a95   Thumb Code    18  stm32f10x_tim.o(.text)
    TIM_SelectMasterSlaveMode                0x08008aa7   Thumb Code    18  stm32f10x_tim.o(.text)
    TIM_SetCounter                           0x08008ab9   Thumb Code     4  stm32f10x_tim.o(.text)
    TIM_SetAutoreload                        0x08008abd   Thumb Code     4  stm32f10x_tim.o(.text)
    TIM_SetCompare1                          0x08008ac1   Thumb Code     4  stm32f10x_tim.o(.text)
    TIM_SetCompare2                          0x08008ac5   Thumb Code     4  stm32f10x_tim.o(.text)
    TIM_SetCompare3                          0x08008ac9   Thumb Code     4  stm32f10x_tim.o(.text)
    TIM_SetCompare4                          0x08008acd   Thumb Code     6  stm32f10x_tim.o(.text)
    TIM_SetClockDivision                     0x08008ad3   Thumb Code    18  stm32f10x_tim.o(.text)
    TIM_GetCapture1                          0x08008ae5   Thumb Code     6  stm32f10x_tim.o(.text)
    TIM_GetCapture2                          0x08008aeb   Thumb Code     6  stm32f10x_tim.o(.text)
    TIM_GetCapture3                          0x08008af1   Thumb Code     6  stm32f10x_tim.o(.text)
    TIM_GetCapture4                          0x08008af7   Thumb Code     8  stm32f10x_tim.o(.text)
    TIM_GetCounter                           0x08008aff   Thumb Code     6  stm32f10x_tim.o(.text)
    TIM_GetPrescaler                         0x08008b05   Thumb Code     6  stm32f10x_tim.o(.text)
    TIM_GetFlagStatus                        0x08008b0b   Thumb Code    18  stm32f10x_tim.o(.text)
    TIM_ClearFlag                            0x08008b1d   Thumb Code     6  stm32f10x_tim.o(.text)
    TIM_GetITStatus                          0x08008b23   Thumb Code    34  stm32f10x_tim.o(.text)
    TIM_ClearITPendingBit                    0x08008b45   Thumb Code     6  stm32f10x_tim.o(.text)
    FLASH_SetLatency                         0x08008b4d   Thumb Code    18  stm32f10x_flash.o(.text)
    FLASH_HalfCycleAccessCmd                 0x08008b5f   Thumb Code    22  stm32f10x_flash.o(.text)
    FLASH_PrefetchBufferCmd                  0x08008b75   Thumb Code    22  stm32f10x_flash.o(.text)
    FLASH_Unlock                             0x08008b8b   Thumb Code    12  stm32f10x_flash.o(.text)
    FLASH_UnlockBank1                        0x08008b97   Thumb Code    12  stm32f10x_flash.o(.text)
    FLASH_Lock                               0x08008ba3   Thumb Code    14  stm32f10x_flash.o(.text)
    FLASH_LockBank1                          0x08008bb1   Thumb Code    14  stm32f10x_flash.o(.text)
    FLASH_GetBank1Status                     0x08008bbf   Thumb Code    48  stm32f10x_flash.o(.text)
    FLASH_WaitForLastOperation               0x08008bef   Thumb Code    38  stm32f10x_flash.o(.text)
    FLASH_ErasePage                          0x08008c15   Thumb Code    72  stm32f10x_flash.o(.text)
    FLASH_EraseAllPages                      0x08008c5d   Thumb Code    68  stm32f10x_flash.o(.text)
    FLASH_WaitForLastBank1Operation          0x08008ca1   Thumb Code    38  stm32f10x_flash.o(.text)
    FLASH_EraseAllBank1Pages                 0x08008cc7   Thumb Code    68  stm32f10x_flash.o(.text)
    FLASH_GetReadOutProtectionStatus         0x08008d0b   Thumb Code    20  stm32f10x_flash.o(.text)
    FLASH_EraseOptionBytes                   0x08008d1f   Thumb Code   150  stm32f10x_flash.o(.text)
    FLASH_ProgramWord                        0x08008db5   Thumb Code   102  stm32f10x_flash.o(.text)
    FLASH_ProgramHalfWord                    0x08008e1b   Thumb Code    60  stm32f10x_flash.o(.text)
    FLASH_ProgramOptionByteData              0x08008e57   Thumb Code    72  stm32f10x_flash.o(.text)
    FLASH_EnableWriteProtection              0x08008e9f   Thumb Code   200  stm32f10x_flash.o(.text)
    FLASH_ReadOutProtection                  0x08008f67   Thumb Code   156  stm32f10x_flash.o(.text)
    FLASH_UserOptionByteConfig               0x08009003   Thumb Code    88  stm32f10x_flash.o(.text)
    FLASH_GetUserOptionByte                  0x0800905b   Thumb Code     8  stm32f10x_flash.o(.text)
    FLASH_GetWriteProtectionOptionByte       0x08009063   Thumb Code     6  stm32f10x_flash.o(.text)
    FLASH_GetPrefetchBufferStatus            0x08009069   Thumb Code    20  stm32f10x_flash.o(.text)
    FLASH_ITConfig                           0x0800907d   Thumb Code    26  stm32f10x_flash.o(.text)
    FLASH_GetFlagStatus                      0x08009097   Thumb Code    42  stm32f10x_flash.o(.text)
    FLASH_ClearFlag                          0x080090c1   Thumb Code     6  stm32f10x_flash.o(.text)
    FLASH_GetStatus                          0x080090c7   Thumb Code    48  stm32f10x_flash.o(.text)
    IWDG_WriteAccessCmd                      0x08009109   Thumb Code     6  stm32f10x_iwdg.o(.text)
    IWDG_SetPrescaler                        0x0800910f   Thumb Code     6  stm32f10x_iwdg.o(.text)
    IWDG_SetReload                           0x08009115   Thumb Code     6  stm32f10x_iwdg.o(.text)
    IWDG_ReloadCounter                       0x0800911b   Thumb Code    10  stm32f10x_iwdg.o(.text)
    IWDG_Enable                              0x08009125   Thumb Code    10  stm32f10x_iwdg.o(.text)
    IWDG_GetFlagStatus                       0x0800912f   Thumb Code    20  stm32f10x_iwdg.o(.text)
    __use_no_semihosting                     0x08009149   Thumb Code     2  use_no_semi_2.o(.text)
    __2printf                                0x0800914d   Thumb Code    20  noretval__2printf.o(.text)
    __printf                                 0x08009165   Thumb Code   104  __printf.o(.text)
    _printf_int_dec                          0x080091cd   Thumb Code   104  _printf_dec.o(.text)
    _printf_int_hex                          0x08009245   Thumb Code    84  _printf_hex_int.o(.text)
    _printf_longlong_hex                     0x08009245   Thumb Code     0  _printf_hex_int.o(.text)
    __use_two_region_memory                  0x0800929d   Thumb Code     2  heapauxi.o(.text)
    __rt_heap_escrow$2region                 0x0800929f   Thumb Code     2  heapauxi.o(.text)
    __rt_heap_expand$2region                 0x080092a1   Thumb Code     2  heapauxi.o(.text)
    __I$use$semihosting                      0x080092a3   Thumb Code     0  use_no_semi.o(.text)
    __use_no_semihosting_swi                 0x080092a3   Thumb Code     2  use_no_semi.o(.text)
    _printf_int_common                       0x080092a5   Thumb Code   178  _printf_intcommon.o(.text)
    _printf_char_file                        0x08009359   Thumb Code    32  _printf_char_file.o(.text)
    _printf_char_common                      0x08009387   Thumb Code    32  _printf_char_common.o(.text)
    ferror                                   0x080093ad   Thumb Code     8  ferror.o(.text)
    __user_setup_stackheap                   0x080093b5   Thumb Code    74  sys_stackheap_outer.o(.text)
    exit                                     0x080093ff   Thumb Code    12  exit.o(.text)
    __user_libspace                          0x0800940d   Thumb Code     8  libspace.o(.text)
    __user_perproc_libspace                  0x0800940d   Thumb Code     0  libspace.o(.text)
    __user_perthread_libspace                0x0800940d   Thumb Code     0  libspace.o(.text)
    __aeabi_d2uiz                            0x08009415   Thumb Code     0  dfixu.o(x$fpl$dfixu)
    _dfixu                                   0x08009415   Thumb Code    90  dfixu.o(x$fpl$dfixu)
    __aeabi_ui2d                             0x0800946f   Thumb Code     0  dflt_clz.o(x$fpl$dfltu)
    _dfltu                                   0x0800946f   Thumb Code    38  dflt_clz.o(x$fpl$dfltu)
    __aeabi_dmul                             0x08009495   Thumb Code     0  dmul.o(x$fpl$dmul)
    _dmul                                    0x08009495   Thumb Code   332  dmul.o(x$fpl$dmul)
    __fpl_dnaninf                            0x080095e9   Thumb Code   156  dnaninf.o(x$fpl$dnaninf)
    __fpl_dretinf                            0x08009685   Thumb Code    12  dretinf.o(x$fpl$dretinf)
    __I$use$fp                               0x08009690   Number         0  usenofp.o(x$fpl$usenofp)
    asc2_1206                                0x0800969c   Data        1140  lcd.o(.constdata)
    asc2_1608                                0x08009b10   Data        1520  lcd.o(.constdata)
    asc2_2412                                0x0800a100   Data        3420  lcd.o(.constdata)
    table_week                               0x0800ae5c   Data          12  rtc.o(.constdata)
    mon_table                                0x0800ae68   Data          12  rtc.o(.constdata)
    Region$$Table$$Base                      0x0800af24   Number         0  anon$$obj.o(Region$$Table)
    Region$$Table$$Limit                     0x0800af44   Number         0  anon$$obj.o(Region$$Table)
    SystemCoreClock                          0x20000000   Data           4  system_stm32f10x.o(.data)
    AHBPrescTable                            0x20000004   Data          16  system_stm32f10x.o(.data)
    POINT_COLOR                              0x20000016   Data           2  lcd.o(.data)
    BACK_COLOR                               0x20000018   Data           2  lcd.o(.data)
    forward                                  0x2000001c   Data           4  step.o(.data)
    reverse                                  0x20000020   Data           4  step.o(.data)
    time                                     0x20000024   Data           1  timer3.o(.data)
    __stdout                                 0x2000002c   Data           4  usart.o(.data)
    USART_RX_STA                             0x20000030   Data           2  usart.o(.data)
    lcddev                                   0x20000048   Data          14  lcd.o(.bss)
    calendar                                 0x20000056   Data          10  rtc.o(.bss)
    STMFLASH_BUF                             0x20000060   Data        2048  stmflash.o(.bss)
    USART_RX_BUF                             0x20000860   Data         200  usart.o(.bss)
    __libspace_start                         0x20000928   Data          96  libspace.o(.bss)
    __temporary_stack_top$libspace           0x20000988   Data           0  libspace.o(.bss)



==============================================================================

Memory Map of the image

  Image Entry point : 0x08000131

  Load Region LR_IROM1 (Base: 0x08000000, Size: 0x0000af8c, Max: 0x00080000, ABSOLUTE)

    Execution Region ER_IROM1 (Base: 0x08000000, Size: 0x0000af44, Max: 0x00080000, ABSOLUTE)

    Base Addr    Size         Type   Attr      Idx    E Section Name        Object

    0x08000000   0x00000130   Data   RO          449    RESET               startup_stm32f10x_hd.o
    0x08000130   0x00000008   Code   RO          658  * !!!main             c_w.l(__main.o)
    0x08000138   0x00000034   Code   RO          842    !!!scatter          c_w.l(__scatter.o)
    0x0800016c   0x0000001a   Code   RO          844    !!handler_copy      c_w.l(__scatter_copy.o)
    0x08000186   0x00000002   PAD
    0x08000188   0x0000001c   Code   RO          846    !!handler_zi        c_w.l(__scatter_zi.o)
    0x080001a4   0x00000000   Code   RO          655    .ARM.Collect$$_printf_percent$$00000000  c_w.l(_printf_percent.o)
    0x080001a4   0x00000006   Code   RO          654    .ARM.Collect$$_printf_percent$$00000009  c_w.l(_printf_d.o)
    0x080001aa   0x00000006   Code   RO          653    .ARM.Collect$$_printf_percent$$0000000C  c_w.l(_printf_x.o)
    0x080001b0   0x00000004   Code   RO          679    .ARM.Collect$$_printf_percent$$00000017  c_w.l(_printf_percent_end.o)
    0x080001b4   0x00000002   Code   RO          717    .ARM.Collect$$libinit$$00000000  c_w.l(libinit.o)
    0x080001b6   0x00000000   Code   RO          724    .ARM.Collect$$libinit$$00000002  c_w.l(libinit2.o)
    0x080001b6   0x00000000   Code   RO          726    .ARM.Collect$$libinit$$00000004  c_w.l(libinit2.o)
    0x080001b6   0x00000000   Code   RO          729    .ARM.Collect$$libinit$$0000000A  c_w.l(libinit2.o)
    0x080001b6   0x00000000   Code   RO          731    .ARM.Collect$$libinit$$0000000C  c_w.l(libinit2.o)
    0x080001b6   0x00000000   Code   RO          733    .ARM.Collect$$libinit$$0000000E  c_w.l(libinit2.o)
    0x080001b6   0x00000000   Code   RO          736    .ARM.Collect$$libinit$$00000011  c_w.l(libinit2.o)
    0x080001b6   0x00000000   Code   RO          738    .ARM.Collect$$libinit$$00000013  c_w.l(libinit2.o)
    0x080001b6   0x00000000   Code   RO          740    .ARM.Collect$$libinit$$00000015  c_w.l(libinit2.o)
    0x080001b6   0x00000000   Code   RO          742    .ARM.Collect$$libinit$$00000017  c_w.l(libinit2.o)
    0x080001b6   0x00000000   Code   RO          744    .ARM.Collect$$libinit$$00000019  c_w.l(libinit2.o)
    0x080001b6   0x00000000   Code   RO          746    .ARM.Collect$$libinit$$0000001B  c_w.l(libinit2.o)
    0x080001b6   0x00000000   Code   RO          748    .ARM.Collect$$libinit$$0000001D  c_w.l(libinit2.o)
    0x080001b6   0x00000000   Code   RO          750    .ARM.Collect$$libinit$$0000001F  c_w.l(libinit2.o)
    0x080001b6   0x00000000   Code   RO          752    .ARM.Collect$$libinit$$00000021  c_w.l(libinit2.o)
    0x080001b6   0x00000000   Code   RO          754    .ARM.Collect$$libinit$$00000023  c_w.l(libinit2.o)
    0x080001b6   0x00000000   Code   RO          756    .ARM.Collect$$libinit$$00000025  c_w.l(libinit2.o)
    0x080001b6   0x00000000   Code   RO          760    .ARM.Collect$$libinit$$0000002C  c_w.l(libinit2.o)
    0x080001b6   0x00000000   Code   RO          762    .ARM.Collect$$libinit$$0000002E  c_w.l(libinit2.o)
    0x080001b6   0x00000000   Code   RO          764    .ARM.Collect$$libinit$$00000030  c_w.l(libinit2.o)
    0x080001b6   0x00000000   Code   RO          766    .ARM.Collect$$libinit$$00000032  c_w.l(libinit2.o)
    0x080001b6   0x00000002   Code   RO          767    .ARM.Collect$$libinit$$00000033  c_w.l(libinit2.o)
    0x080001b8   0x00000002   Code   RO          785    .ARM.Collect$$libshutdown$$00000000  c_w.l(libshutdown.o)
    0x080001ba   0x00000000   Code   RO          796    .ARM.Collect$$libshutdown$$00000003  c_w.l(libshutdown2.o)
    0x080001ba   0x00000000   Code   RO          799    .ARM.Collect$$libshutdown$$00000006  c_w.l(libshutdown2.o)
    0x080001ba   0x00000000   Code   RO          802    .ARM.Collect$$libshutdown$$00000009  c_w.l(libshutdown2.o)
    0x080001ba   0x00000000   Code   RO          804    .ARM.Collect$$libshutdown$$0000000B  c_w.l(libshutdown2.o)
    0x080001ba   0x00000000   Code   RO          807    .ARM.Collect$$libshutdown$$0000000E  c_w.l(libshutdown2.o)
    0x080001ba   0x00000002   Code   RO          808    .ARM.Collect$$libshutdown$$0000000F  c_w.l(libshutdown2.o)
    0x080001bc   0x00000000   Code   RO          674    .ARM.Collect$$rtentry$$00000000  c_w.l(__rtentry.o)
    0x080001bc   0x00000000   Code   RO          686    .ARM.Collect$$rtentry$$00000002  c_w.l(__rtentry2.o)
    0x080001bc   0x00000006   Code   RO          698    .ARM.Collect$$rtentry$$00000004  c_w.l(__rtentry4.o)
    0x080001c2   0x00000000   Code   RO          688    .ARM.Collect$$rtentry$$00000009  c_w.l(__rtentry2.o)
    0x080001c2   0x00000004   Code   RO          689    .ARM.Collect$$rtentry$$0000000A  c_w.l(__rtentry2.o)
    0x080001c6   0x00000000   Code   RO          691    .ARM.Collect$$rtentry$$0000000C  c_w.l(__rtentry2.o)
    0x080001c6   0x00000008   Code   RO          692    .ARM.Collect$$rtentry$$0000000D  c_w.l(__rtentry2.o)
    0x080001ce   0x00000002   Code   RO          721    .ARM.Collect$$rtexit$$00000000  c_w.l(rtexit.o)
    0x080001d0   0x00000000   Code   RO          769    .ARM.Collect$$rtexit$$00000002  c_w.l(rtexit2.o)
    0x080001d0   0x00000004   Code   RO          770    .ARM.Collect$$rtexit$$00000003  c_w.l(rtexit2.o)
    0x080001d4   0x00000006   Code   RO          771    .ARM.Collect$$rtexit$$00000004  c_w.l(rtexit2.o)
    0x080001da   0x00000002   PAD
    0x080001dc   0x00000cb4   Code   RO            1    .text               main.o
    0x08000e90   0x0000001a   Code   RO          156    .text               stm32f10x_it.o
    0x08000eaa   0x00000002   PAD
    0x08000eac   0x000001e0   Code   RO          197    .text               system_stm32f10x.o
    0x0800108c   0x0000004c   Code   RO          215    .text               led.o
    0x080010d8   0x000000d8   Code   RO          227    .text               key.o
    0x080011b0   0x00004a56   Code   RO          240    .text               lcd.o
    0x08005c06   0x00000002   PAD
    0x08005c08   0x00000474   Code   RO          263    .text               rtc.o
    0x0800607c   0x00000038   Code   RO          287    .text               beep.o
    0x080060b4   0x00000144   Code   RO          299    .text               stmflash.o
    0x080061f8   0x0000019c   Code   RO          314    .text               dht11.o
    0x08006394   0x0000014c   Code   RO          326    .text               step.o
    0x080064e0   0x0000002c   Code   RO          341    .text               wdg.o
    0x0800650c   0x00000090   Code   RO          353    .text               timer3.o
    0x0800659c   0x00000078   Code   RO          371    .text               timer4.o
    0x08006614   0x000000d4   Code   RO          383    .text               delay.o
    0x080066e8   0x00000140   Code   RO          414    .text               usart.o
    0x08006828   0x00000040   Code   RO          450    .text               startup_stm32f10x_hd.o
    0x08006868   0x000000dc   Code   RO          454    .text               misc.o
    0x08006944   0x000000c4   Code   RO          466    .text               stm32f10x_bkp.o
    0x08006a08   0x0000060c   Code   RO          478    .text               stm32f10x_fsmc.o
    0x08007014   0x0000035c   Code   RO          490    .text               stm32f10x_gpio.o
    0x08007370   0x000000cc   Code   RO          502    .text               stm32f10x_pwr.o
    0x0800743c   0x000003a4   Code   RO          514    .text               stm32f10x_rcc.o
    0x080077e0   0x00000408   Code   RO          528    .text               stm32f10x_usart.o
    0x08007be8   0x00000148   Code   RO          540    .text               stm32f10x_rtc.o
    0x08007d30   0x00000e1a   Code   RO          552    .text               stm32f10x_tim.o
    0x08008b4a   0x00000002   PAD
    0x08008b4c   0x000005bc   Code   RO          564    .text               stm32f10x_flash.o
    0x08009108   0x00000040   Code   RO          588    .text               stm32f10x_iwdg.o
    0x08009148   0x00000002   Code   RO          602    .text               c_w.l(use_no_semi_2.o)
    0x0800914a   0x00000002   PAD
    0x0800914c   0x00000018   Code   RO          606    .text               c_w.l(noretval__2printf.o)
    0x08009164   0x00000068   Code   RO          608    .text               c_w.l(__printf.o)
    0x080091cc   0x00000078   Code   RO          610    .text               c_w.l(_printf_dec.o)
    0x08009244   0x00000058   Code   RO          615    .text               c_w.l(_printf_hex_int.o)
    0x0800929c   0x00000006   Code   RO          656    .text               c_w.l(heapauxi.o)
    0x080092a2   0x00000002   Code   RO          672    .text               c_w.l(use_no_semi.o)
    0x080092a4   0x000000b2   Code   RO          675    .text               c_w.l(_printf_intcommon.o)
    0x08009356   0x00000002   PAD
    0x08009358   0x00000024   Code   RO          677    .text               c_w.l(_printf_char_file.o)
    0x0800937c   0x00000030   Code   RO          700    .text               c_w.l(_printf_char_common.o)
    0x080093ac   0x00000008   Code   RO          702    .text               c_w.l(ferror.o)
    0x080093b4   0x0000004a   Code   RO          706    .text               c_w.l(sys_stackheap_outer.o)
    0x080093fe   0x0000000c   Code   RO          710    .text               c_w.l(exit.o)
    0x0800940a   0x00000002   PAD
    0x0800940c   0x00000008   Code   RO          718    .text               c_w.l(libspace.o)
    0x08009414   0x0000005a   Code   RO          660    x$fpl$dfixu         fz_ws.l(dfixu.o)
    0x0800946e   0x00000026   Code   RO          664    x$fpl$dfltu         fz_ws.l(dflt_clz.o)
    0x08009494   0x00000154   Code   RO          670    x$fpl$dmul          fz_ws.l(dmul.o)
    0x080095e8   0x0000009c   Code   RO          680    x$fpl$dnaninf       fz_ws.l(dnaninf.o)
    0x08009684   0x0000000c   Code   RO          682    x$fpl$dretinf       fz_ws.l(dretinf.o)
    0x08009690   0x00000000   Code   RO          684    x$fpl$usenofp       fz_ws.l(usenofp.o)
    0x08009690   0x0000000c   Data   RO            2    .constdata          main.o
    0x0800969c   0x000017c0   Data   RO          242    .constdata          lcd.o
    0x0800ae5c   0x00000018   Data   RO          265    .constdata          rtc.o
    0x0800ae74   0x00000028   Data   RO          616    .constdata          c_w.l(_printf_hex_int.o)
    0x0800ae9c   0x00000086   Data   RO            3    .conststring        main.o
    0x0800af22   0x00000002   PAD
    0x0800af24   0x00000020   Data   RO          840    Region$$Table       anon$$obj.o


    Execution Region RW_IRAM1 (Base: 0x20000000, Size: 0x00000f88, Max: 0x00010000, ABSOLUTE)

    Base Addr    Size         Type   Attr      Idx    E Section Name        Object

    0x20000000   0x00000014   Data   RW          198    .data               system_stm32f10x.o
    0x20000014   0x00000001   Data   RW          228    .data               key.o
    0x20000015   0x00000001   PAD
    0x20000016   0x00000004   Data   RW          243    .data               lcd.o
    0x2000001a   0x00000002   Data   RW          266    .data               rtc.o
    0x2000001c   0x00000008   Data   RW          327    .data               step.o
    0x20000024   0x00000001   Data   RW          354    .data               timer3.o
    0x20000025   0x00000001   PAD
    0x20000026   0x00000004   Data   RW          384    .data               delay.o
    0x2000002a   0x00000002   PAD
    0x2000002c   0x00000006   Data   RW          416    .data               usart.o
    0x20000032   0x00000014   Data   RW          515    .data               stm32f10x_rcc.o
    0x20000046   0x00000002   PAD
    0x20000048   0x0000000e   Zero   RW          241    .bss                lcd.o
    0x20000056   0x0000000a   Zero   RW          264    .bss                rtc.o
    0x20000060   0x00000800   Zero   RW          300    .bss                stmflash.o
    0x20000860   0x000000c8   Zero   RW          415    .bss                usart.o
    0x20000928   0x00000060   Zero   RW          719    .bss                c_w.l(libspace.o)
    0x20000988   0x00000200   Zero   RW          448    HEAP                startup_stm32f10x_hd.o
    0x20000b88   0x00000400   Zero   RW          447    STACK               startup_stm32f10x_hd.o


==============================================================================

Image component sizes


      Code (inc. data)   RO Data    RW Data    ZI Data      Debug   Object Name

        56          6          0          0          0        492   beep.o
       212         18          0          4          0       1031   delay.o
       412         12          0          0          0       2126   dht11.o
       216         14          0          1          0        800   key.o
     19030        162       6080          4         14      21742   lcd.o
        76          8          0          0          0        499   led.o
      3252        590        146          0          0     270761   main.o
       220         22          0          0          0       1809   misc.o
      1140         60         24          2         10       4238   rtc.o
        64         26        304          0       1536        800   startup_stm32f10x_hd.o
       332         12          0          8          0       1775   step.o
       196          8          0          0          0       3468   stm32f10x_bkp.o
      1468         34          0          0          0       8038   stm32f10x_flash.o
      1548         18          0          0          0       5351   stm32f10x_fsmc.o
       860         38          0          0          0       5653   stm32f10x_gpio.o
        26          0          0          0          0       1182   stm32f10x_it.o
        64          6          0          0          0       1269   stm32f10x_iwdg.o
       204         14          0          0          0       1923   stm32f10x_pwr.o
       932         36          0         20          0       8824   stm32f10x_rcc.o
       328          4          0          0          0       2670   stm32f10x_rtc.o
      3610         88          0          0          0      22136   stm32f10x_tim.o
      1032         22          0          0          0       8376   stm32f10x_usart.o
       324          8          0          0       2048       2618   stmflash.o
         0          0          0          0          0         32   sys.o
       480         38          0         20          0       1751   system_stm32f10x.o
       144         10          0          1          0       1015   timer3.o
       120          6          0          0          0        776   timer4.o
       320         18          0          6        200       3122   usart.o
        44          0          0          0          0        646   wdg.o

    ----------------------------------------------------------------------
     36716       1278       6588         72       3808     384923   Object Totals
         0          0         32          0          0          0   (incl. Generated)
         6          0          2          6          0          0   (incl. Padding)

    ----------------------------------------------------------------------

      Code (inc. data)   RO Data    RW Data    ZI Data      Debug   Library Member Name

         8          0          0          0          0         68   __main.o
       104          0          0          0          0         84   __printf.o
         0          0          0          0          0          0   __rtentry.o
        12          0          0          0          0          0   __rtentry2.o
         6          0          0          0          0          0   __rtentry4.o
        52          8          0          0          0          0   __scatter.o
        26          0          0          0          0          0   __scatter_copy.o
        28          0          0          0          0          0   __scatter_zi.o
        48          6          0          0          0         96   _printf_char_common.o
        36          4          0          0          0         80   _printf_char_file.o
         6          0          0          0          0          0   _printf_d.o
       120         16          0          0          0         92   _printf_dec.o
        88          4         40          0          0         88   _printf_hex_int.o
       178          0          0          0          0         88   _printf_intcommon.o
         0          0          0          0          0          0   _printf_percent.o
         4          0          0          0          0          0   _printf_percent_end.o
         6          0          0          0          0          0   _printf_x.o
        12          0          0          0          0         72   exit.o
         8          0          0          0          0         68   ferror.o
         6          0          0          0          0        152   heapauxi.o
         2          0          0          0          0          0   libinit.o
         2          0          0          0          0          0   libinit2.o
         2          0          0          0          0          0   libshutdown.o
         2          0          0          0          0          0   libshutdown2.o
         8          4          0          0         96         68   libspace.o
        24          4          0          0          0         84   noretval__2printf.o
         2          0          0          0          0          0   rtexit.o
        10          0          0          0          0          0   rtexit2.o
        74          0          0          0          0         80   sys_stackheap_outer.o
         2          0          0          0          0         68   use_no_semi.o
         2          0          0          0          0         68   use_no_semi_2.o
        90          4          0          0          0         92   dfixu.o
        38          0          0          0          0         68   dflt_clz.o
       340         12          0          0          0        104   dmul.o
       156          4          0          0          0         92   dnaninf.o
        12          0          0          0          0         68   dretinf.o
         0          0          0          0          0          0   usenofp.o

    ----------------------------------------------------------------------
      1524         66         40          0         96       1680   Library Totals
        10          0          0          0          0          0   (incl. Padding)

    ----------------------------------------------------------------------

      Code (inc. data)   RO Data    RW Data    ZI Data      Debug   Library Name

       878         46         40          0         96       1256   c_w.l
       636         20          0          0          0        424   fz_ws.l

    ----------------------------------------------------------------------
      1524         66         40          0         96       1680   Library Totals

    ----------------------------------------------------------------------

==============================================================================


      Code (inc. data)   RO Data    RW Data    ZI Data      Debug   

     38240       1344       6628         72       3904     383115   Grand Totals
     38240       1344       6628         72       3904     383115   ELF Image Totals
     38240       1344       6628         72          0          0   ROM Totals

==============================================================================

    Total RO  Size (Code + RO Data)                44868 (  43.82kB)
    Total RW  Size (RW Data + ZI Data)              3976 (   3.88kB)
    Total ROM Size (Code + RO Data + RW Data)      44940 (  43.89kB)

==============================================================================

